<html>
<body>
<pre>
<h1>µVision Build Log</h1>
<h2>Tool Versions:</h2>
IDE-Version: ¦ÌVision V5.21.1.0
Copyright (C) 2016 ARM Ltd and ARM Germany GmbH. All rights reserved.
License Information: Even Zhang, c, LIC=QF82M-XPG1K-8TP3P-M0ZWZ-N60JM-50Q9F
 
Tool Versions:
Toolchain:       MDK-ARM Plus  Version: 5.21a
Toolchain Path:  D:\RoboMaster\Keil5\ARM\ARMCC\Bin
C Compiler:      Armcc.exe V5.06 update 3 (build 300)
Assembler:       Armasm.exe V5.06 update 3 (build 300)
Linker/Locator:  ArmLink.exe V5.06 update 3 (build 300)
Library Manager: ArmAr.exe V5.06 update 3 (build 300)
Hex Converter:   FromElf.exe V5.06 update 3 (build 300)
CPU DLL:         SARMCM3.DLL V5.21a
Dialog DLL:      DCM.DLL V1.13.8.0
Target DLL:      STLink\ST-LINKIII-KEIL_SWO.dll V2.0.18.0
Dialog DLL:      TCM.DLL V1.14.14.0
 
<h2>Project:</h2>
F:\DIY\STM32Projects\F103R6T6\Embed\Embed\MDK-ARM\Embed.uvprojx
Project File Date:  05/03/2023

<h2>Output:</h2>
*** Using Compiler 'V5.06 update 3 (build 300)', folder: 'D:\RoboMaster\Keil5\ARM\ARMCC\Bin'
Build target 'Embed'
compiling adc.c...
compiling gpio.c...
compiling usart.c...
compiling tim.c...
compiling stm32f1xx_it.c...
compiling dma.c...
compiling main.c...
compiling stm32f1xx_hal.c...
compiling stm32f1xx_hal_msp.c...
compiling stm32f1xx_hal_adc_ex.c...
compiling stm32f1xx_hal_rcc.c...
compiling stm32f1xx_hal_gpio_ex.c...
compiling stm32f1xx_hal_rcc_ex.c...
compiling stm32f1xx_hal_adc.c...
compiling stm32f1xx_hal_flash.c...
compiling stm32f1xx_hal_flash_ex.c...
compiling stm32f1xx_hal_pwr.c...
compiling stm32f1xx_hal_exti.c...
compiling stm32f1xx_hal_cortex.c...
compiling stm32f1xx_hal_gpio.c...
compiling stm32f1xx_hal_dma.c...
compiling system_stm32f1xx.c...
compiling bsp_adc.c...
compiling bsp_spi.c...
compiling bsp_led.c...
compiling stm32f1xx_hal_tim_ex.c...
compiling bsp_key.c...
compiling stm32f1xx_hal_tim.c...
compiling stm32f1xx_hal_uart.c...
compiling bsp_tim.c...
compiling bsp_usart.c...
compiling lcd.c...
compiling func.c...
compiling test.c...
compiling app_task.c...
compiling lcd_gui.c...
linking...
Program Size: Code=16488 RO-data=5556 RW-data=68 ZI-data=6236  
FromELF: creating hex file...
"Embed\Embed.axf" - 0 Error(s), 0 Warning(s).

<h2>Software Packages used:</h2>

Package Vendor: ARM
                http://www.keil.com/pack/ARM.CMSIS.4.5.0.pack
                ARM::CMSIS:CORE:4.3.0
                CMSIS (Cortex Microcontroller Software Interface Standard)
   * Component: CORE Version: 4.3.0
   * Component: DSP Version: 1.4.6

<h2>Collection of Component include folders:</h2>
  F:\DIY\STM32Projects\F103R6T6\Embed\Embed\MDK-ARM\RTE
  D:\RoboMaster\Keil5\ARM\PACK\ARM\CMSIS\4.5.0\CMSIS\Include
  D:\RoboMaster\Keil5\ARM\PACK\Keil\STM32F1xx_DFP\2.3.0\Device\Include

<h2>Collection of Component Files used:</h2>

   * Component: ARM::CMSIS:CORE:4.3.0

   * Component: ARM::CMSIS:DSP:1.4.6
      Include file:  CMSIS\Include\arm_math.h
      Library file:  CMSIS\Lib\ARM\arm_cortexM3l_math.lib
Build Time Elapsed:  00:00:14
</pre>
</body>
</html>
