Component: ARM Compiler 5.06 update 3 (build 300) Tool: armlink [4d35c9]

==============================================================================

Section Cross References

    startup_stm32f103x6.o(RESET) refers to startup_stm32f103x6.o(STACK) for __initial_sp
    startup_stm32f103x6.o(RESET) refers to startup_stm32f103x6.o(.text) for Reset_Handler
    startup_stm32f103x6.o(RESET) refers to stm32f1xx_it.o(i.NMI_Handler) for NMI_Handler
    startup_stm32f103x6.o(RESET) refers to stm32f1xx_it.o(i.HardFault_Handler) for HardFault_Handler
    startup_stm32f103x6.o(RESET) refers to stm32f1xx_it.o(i.MemManage_Handler) for MemManage_Handler
    startup_stm32f103x6.o(RESET) refers to stm32f1xx_it.o(i.BusFault_Handler) for BusFault_Handler
    startup_stm32f103x6.o(RESET) refers to stm32f1xx_it.o(i.UsageFault_Handler) for UsageFault_Handler
    startup_stm32f103x6.o(RESET) refers to stm32f1xx_it.o(i.SVC_Handler) for SVC_Handler
    startup_stm32f103x6.o(RESET) refers to stm32f1xx_it.o(i.DebugMon_Handler) for DebugMon_Handler
    startup_stm32f103x6.o(RESET) refers to stm32f1xx_it.o(i.PendSV_Handler) for PendSV_Handler
    startup_stm32f103x6.o(RESET) refers to stm32f1xx_it.o(i.SysTick_Handler) for SysTick_Handler
    startup_stm32f103x6.o(RESET) refers to stm32f1xx_it.o(i.EXTI0_IRQHandler) for EXTI0_IRQHandler
    startup_stm32f103x6.o(RESET) refers to stm32f1xx_it.o(i.EXTI1_IRQHandler) for EXTI1_IRQHandler
    startup_stm32f103x6.o(RESET) refers to stm32f1xx_it.o(i.EXTI2_IRQHandler) for EXTI2_IRQHandler
    startup_stm32f103x6.o(RESET) refers to stm32f1xx_it.o(i.EXTI3_IRQHandler) for EXTI3_IRQHandler
    startup_stm32f103x6.o(RESET) refers to stm32f1xx_it.o(i.EXTI4_IRQHandler) for EXTI4_IRQHandler
    startup_stm32f103x6.o(RESET) refers to stm32f1xx_it.o(i.DMA1_Channel1_IRQHandler) for DMA1_Channel1_IRQHandler
    startup_stm32f103x6.o(RESET) refers to stm32f1xx_it.o(i.ADC1_2_IRQHandler) for ADC1_2_IRQHandler
    startup_stm32f103x6.o(RESET) refers to stm32f1xx_it.o(i.TIM2_IRQHandler) for TIM2_IRQHandler
    startup_stm32f103x6.o(RESET) refers to stm32f1xx_it.o(i.TIM3_IRQHandler) for TIM3_IRQHandler
    startup_stm32f103x6.o(RESET) refers to stm32f1xx_it.o(i.USART1_IRQHandler) for USART1_IRQHandler
    startup_stm32f103x6.o(.text) refers to system_stm32f1xx.o(i.SystemInit) for SystemInit
    startup_stm32f103x6.o(.text) refers to entry.o(.ARM.Collect$$$$00000000) for __main
    main.o(i.MX_NVIC_Init) refers to stm32f1xx_hal_cortex.o(i.HAL_NVIC_SetPriority) for HAL_NVIC_SetPriority
    main.o(i.MX_NVIC_Init) refers to stm32f1xx_hal_cortex.o(i.HAL_NVIC_EnableIRQ) for HAL_NVIC_EnableIRQ
    main.o(i.SystemClock_Config) refers to memseta.o(.text) for __aeabi_memclr4
    main.o(i.SystemClock_Config) refers to stm32f1xx_hal_rcc.o(i.HAL_RCC_OscConfig) for HAL_RCC_OscConfig
    main.o(i.SystemClock_Config) refers to stm32f1xx_hal_rcc.o(i.HAL_RCC_ClockConfig) for HAL_RCC_ClockConfig
    main.o(i.SystemClock_Config) refers to stm32f1xx_hal_rcc_ex.o(i.HAL_RCCEx_PeriphCLKConfig) for HAL_RCCEx_PeriphCLKConfig
    main.o(i.main) refers to stm32f1xx_hal.o(i.HAL_Init) for HAL_Init
    main.o(i.main) refers to main.o(i.SystemClock_Config) for SystemClock_Config
    main.o(i.main) refers to gpio.o(i.MX_GPIO_Init) for MX_GPIO_Init
    main.o(i.main) refers to dma.o(i.MX_DMA_Init) for MX_DMA_Init
    main.o(i.main) refers to adc.o(i.MX_ADC1_Init) for MX_ADC1_Init
    main.o(i.main) refers to tim.o(i.MX_TIM3_Init) for MX_TIM3_Init
    main.o(i.main) refers to usart.o(i.MX_USART1_UART_Init) for MX_USART1_UART_Init
    main.o(i.main) refers to tim.o(i.MX_TIM2_Init) for MX_TIM2_Init
    main.o(i.main) refers to main.o(i.MX_NVIC_Init) for MX_NVIC_Init
    main.o(i.main) refers to lcd.o(i.LCD_Init) for LCD_Init
    main.o(i.main) refers to bsp_tim.o(i.tim2_init) for tim2_init
    main.o(i.main) refers to bsp_tim.o(i.tim3_init) for tim3_init
    main.o(i.main) refers to bsp_key.o(i.key_init) for key_init
    main.o(i.main) refers to bsp_adc.o(i.DMA_get_adc_val) for DMA_get_adc_val
    main.o(i.main) refers to lcd_gui.o(i.LCD_ShowString) for LCD_ShowString
    main.o(i.main) refers to lcd_gui.o(i.LCD_ShowNum) for LCD_ShowNum
    main.o(i.main) refers to bsp_key.o(i.get_key_status) for get_key_status
    main.o(i.main) refers to func.o(i.adc_load_fft_data) for adc_load_fft_data
    main.o(i.main) refers to app_task.o(i.time_wave_display) for time_wave_display
    main.o(i.main) refers to app_task.o(i.fft_display_spectrum) for fft_display_spectrum
    main.o(i.main) refers to app_task.o(i.show_status) for show_status
    main.o(i.main) refers to printf1.o(i.__0printf$1) for __2printf
    main.o(i.main) refers to app_task.o(i.clean_lcd_screen) for clean_lcd_screen
    main.o(i.main) refers to app_task.o(i.get_measurements_display) for get_measurements_display
    main.o(i.main) refers to app_task.o(.data) for TaskList
    main.o(i.main) refers to bsp_adc.o(.data) for adc_dma_buf
[...]
    ../Core/Src/usart.c                      0x00000000   Number         0  usart.o ABSOLUTE
    ../Drivers/STM32F1xx_HAL_Driver/Src/stm32f1xx_hal.c 0x00000000   Number         0  stm32f1xx_hal.o ABSOLUTE
    ../Drivers/STM32F1xx_HAL_Driver/Src/stm32f1xx_hal_adc.c 0x00000000   Number         0  stm32f1xx_hal_adc.o ABSOLUTE
    ../Drivers/STM32F1xx_HAL_Driver/Src/stm32f1xx_hal_adc_ex.c 0x00000000   Number         0  stm32f1xx_hal_adc_ex.o ABSOLUTE
    ../Drivers/STM32F1xx_HAL_Driver/Src/stm32f1xx_hal_cortex.c 0x00000000   Number         0  stm32f1xx_hal_cortex.o ABSOLUTE
    ../Drivers/STM32F1xx_HAL_Driver/Src/stm32f1xx_hal_dma.c 0x00000000   Number         0  stm32f1xx_hal_dma.o ABSOLUTE
    ../Drivers/STM32F1xx_HAL_Driver/Src/stm32f1xx_hal_exti.c 0x00000000   Number         0  stm32f1xx_hal_exti.o ABSOLUTE
    ../Drivers/STM32F1xx_HAL_Driver/Src/stm32f1xx_hal_flash.c 0x00000000   Number         0  stm32f1xx_hal_flash.o ABSOLUTE
    ../Drivers/STM32F1xx_HAL_Driver/Src/stm32f1xx_hal_flash_ex.c 0x00000000   Number         0  stm32f1xx_hal_flash_ex.o ABSOLUTE
    ../Drivers/STM32F1xx_HAL_Driver/Src/stm32f1xx_hal_gpio.c 0x00000000   Number         0  stm32f1xx_hal_gpio.o ABSOLUTE
    ../Drivers/STM32F1xx_HAL_Driver/Src/stm32f1xx_hal_gpio_ex.c 0x00000000   Number         0  stm32f1xx_hal_gpio_ex.o ABSOLUTE
    ../Drivers/STM32F1xx_HAL_Driver/Src/stm32f1xx_hal_pwr.c 0x00000000   Number         0  stm32f1xx_hal_pwr.o ABSOLUTE
    ../Drivers/STM32F1xx_HAL_Driver/Src/stm32f1xx_hal_rcc.c 0x00000000   Number         0  stm32f1xx_hal_rcc.o ABSOLUTE
    ../Drivers/STM32F1xx_HAL_Driver/Src/stm32f1xx_hal_rcc_ex.c 0x00000000   Number         0  stm32f1xx_hal_rcc_ex.o ABSOLUTE
    ../Drivers/STM32F1xx_HAL_Driver/Src/stm32f1xx_hal_tim.c 0x00000000   Number         0  stm32f1xx_hal_tim.o ABSOLUTE
    ../Drivers/STM32F1xx_HAL_Driver/Src/stm32f1xx_hal_tim_ex.c 0x00000000   Number         0  stm32f1xx_hal_tim_ex.o ABSOLUTE
    ../Drivers/STM32F1xx_HAL_Driver/Src/stm32f1xx_hal_uart.c 0x00000000   Number         0  stm32f1xx_hal_uart.o ABSOLUTE
    ../clib/microlib/division.c              0x00000000   Number         0  uldiv.o ABSOLUTE
    ../clib/microlib/division.c              0x00000000   Number         0  uidiv.o ABSOLUTE
    ../clib/microlib/errno.c                 0x00000000   Number         0  errno.o ABSOLUTE
    ../clib/microlib/init/entry.s            0x00000000   Number         0  entry7b.o ABSOLUTE
    ../clib/microlib/init/entry.s            0x00000000   Number         0  entry8a.o ABSOLUTE
    ../clib/microlib/init/entry.s            0x00000000   Number         0  entry9b.o ABSOLUTE
    ../clib/microlib/init/entry.s            0x00000000   Number         0  entry8b.o ABSOLUTE
    ../clib/microlib/init/entry.s            0x00000000   Number         0  entry11b.o ABSOLUTE
    ../clib/microlib/init/entry.s            0x00000000   Number         0  entry9a.o ABSOLUTE
    ../clib/microlib/init/entry.s            0x00000000   Number         0  entry.o ABSOLUTE
    ../clib/microlib/init/entry.s            0x00000000   Number         0  entry10b.o ABSOLUTE
    ../clib/microlib/init/entry.s            0x00000000   Number         0  entry11a.o ABSOLUTE
    ../clib/microlib/init/entry.s            0x00000000   Number         0  entry10a.o ABSOLUTE
    ../clib/microlib/init/entry.s            0x00000000   Number         0  entry2.o ABSOLUTE
    ../clib/microlib/init/entry.s            0x00000000   Number         0  entry5.o ABSOLUTE
    ../clib/microlib/init/entry.s            0x00000000   Number         0  entry7a.o ABSOLUTE
    ../clib/microlib/longlong.c              0x00000000   Number         0  llushr.o ABSOLUTE
    ../clib/microlib/longlong.c              0x00000000   Number         0  llsshr.o ABSOLUTE
    ../clib/microlib/longlong.c              0x00000000   Number         0  llshl.o ABSOLUTE
    ../clib/microlib/printf/printf.c         0x00000000   Number         0  printf7.o ABSOLUTE
    ../clib/microlib/printf/printf.c         0x00000000   Number         0  printfb.o ABSOLUTE
    ../clib/microlib/printf/printf.c         0x00000000   Number         0  printf0.o ABSOLUTE
    ../clib/microlib/printf/printf.c         0x00000000   Number         0  printf1.o ABSOLUTE
    ../clib/microlib/printf/printf.c         0x00000000   Number         0  printf2.o ABSOLUTE
    ../clib/microlib/printf/printf.c         0x00000000   Number         0  printf3.o ABSOLUTE
    ../clib/microlib/printf/printf.c         0x00000000   Number         0  printf4.o ABSOLUTE
    ../clib/microlib/printf/printf.c         0x00000000   Number         0  printf5.o ABSOLUTE
    ../clib/microlib/printf/printf.c         0x00000000   Number         0  printf6.o ABSOLUTE
    ../clib/microlib/printf/printf.c         0x00000000   Number         0  printfa.o ABSOLUTE
    ../clib/microlib/printf/printf.c         0x00000000   Number         0  printf8.o ABSOLUTE
    ../clib/microlib/printf/stubs.s          0x00000000   Number         0  stubs.o ABSOLUTE
    ../clib/microlib/stdio/streams.c         0x00000000   Number         0  stdout.o ABSOLUTE
    ../clib/microlib/string/memcpy.c         0x00000000   Number         0  memcpya.o ABSOLUTE
    ../clib/microlib/string/memcpy.c         0x00000000   Number         0  memcpyb.o ABSOLUTE
    ../clib/microlib/string/memset.c         0x00000000   Number         0  memseta.o ABSOLUTE
    ../clib/microlib/string/strlen.c         0x00000000   Number         0  strlen.o ABSOLUTE
    ../clib/microlib/stubs.s                 0x00000000   Number         0  iusefp.o ABSOLUTE
    ../fplib/microlib/d2f.c                  0x00000000   Number         0  d2f.o ABSOLUTE
    ../fplib/microlib/f2d.c                  0x00000000   Number         0  f2d.o ABSOLUTE
    ../fplib/microlib/fpadd.c                0x00000000   Number         0  fadd.o ABSOLUTE
    ../fplib/microlib/fpadd.c                0x00000000   Number         0  dadd.o ABSOLUTE
    ../fplib/microlib/fpdiv.c                0x00000000   Number         0  ddiv.o ABSOLUTE
    ../fplib/microlib/fpepilogue.c           0x00000000   Number         0  depilogue.o ABSOLUTE
    ../fplib/microlib/fpepilogue.c           0x00000000   Number         0  fepilogue.o ABSOLUTE
    ../fplib/microlib/fpfix.c                0x00000000   Number         0  ffixui.o ABSOLUTE
    ../fplib/microlib/fpfix.c                0x00000000   Number         0  dfixul.o ABSOLUTE
    ../fplib/microlib/fpflt.c                0x00000000   Number         0  fflti.o ABSOLUTE
    ../fplib/microlib/fpflt.c                0x00000000   Number         0  ffltui.o ABSOLUTE
    ../fplib/microlib/fpmul.c                0x00000000   Number         0  fmul.o ABSOLUTE
    ../fplib/microlib/fpmul.c                0x00000000   Number         0  dmul.o ABSOLUTE
    ../fplib/microlib/fpscalb.c              0x00000000   Number         0  fscalb.o ABSOLUTE
    ../fplib/microlib/fpscalb.c              0x00000000   Number         0  dscalb.o ABSOLUTE
    ../fplib/microlib/fpsqrt.c               0x00000000   Number         0  dsqrt.o ABSOLUTE
    ../mathlib/sqrt.c                        0x00000000   Number         0  sqrt_x.o ABSOLUTE
    ../mathlib/sqrt.c                        0x00000000   Number         0  sqrt.o ABSOLUTE
    ..\Core\Src\adc.c                        0x00000000   Number         0  adc.o ABSOLUTE
    ..\Core\Src\dma.c                        0x00000000   Number         0  dma.o ABSOLUTE
    ..\Core\Src\gpio.c                       0x00000000   Number         0  gpio.o ABSOLUTE
    ..\Core\Src\main.c                       0x00000000   Number         0  main.o ABSOLUTE
    ..\Core\Src\stm32f1xx_hal_msp.c          0x00000000   Number         0  stm32f1xx_hal_msp.o ABSOLUTE
    ..\Core\Src\stm32f1xx_it.c               0x00000000   Number         0  stm32f1xx_it.o ABSOLUTE
    ..\Core\Src\system_stm32f1xx.c           0x00000000   Number         0  system_stm32f1xx.o ABSOLUTE
    ..\Core\Src\tim.c                        0x00000000   Number         0  tim.o ABSOLUTE
    ..\Core\Src\usart.c                      0x00000000   Number         0  usart.o ABSOLUTE
    ..\Drivers\STM32F1xx_HAL_Driver\Src\stm32f1xx_hal.c 0x00000000   Number         0  stm32f1xx_hal.o ABSOLUTE
    ..\Drivers\STM32F1xx_HAL_Driver\Src\stm32f1xx_hal_adc.c 0x00000000   Number         0  stm32f1xx_hal_adc.o ABSOLUTE
    ..\Drivers\STM32F1xx_HAL_Driver\Src\stm32f1xx_hal_adc_ex.c 0x00000000   Number         0  stm32f1xx_hal_adc_ex.o ABSOLUTE
    ..\Drivers\STM32F1xx_HAL_Driver\Src\stm32f1xx_hal_cortex.c 0x00000000   Number         0  stm32f1xx_hal_cortex.o ABSOLUTE
    ..\Drivers\STM32F1xx_HAL_Driver\Src\stm32f1xx_hal_dma.c 0x00000000   Number         0  stm32f1xx_hal_dma.o ABSOLUTE
    ..\Drivers\STM32F1xx_HAL_Driver\Src\stm32f1xx_hal_exti.c 0x00000000   Number         0  stm32f1xx_hal_exti.o ABSOLUTE
    ..\Drivers\STM32F1xx_HAL_Driver\Src\stm32f1xx_hal_flash.c 0x00000000   Number         0  stm32f1xx_hal_flash.o ABSOLUTE
    ..\Drivers\STM32F1xx_HAL_Driver\Src\stm32f1xx_hal_flash_ex.c 0x00000000   Number         0  stm32f1xx_hal_flash_ex.o ABSOLUTE
    ..\Drivers\STM32F1xx_HAL_Driver\Src\stm32f1xx_hal_gpio.c 0x00000000   Number         0  stm32f1xx_hal_gpio.o ABSOLUTE
    ..\Drivers\STM32F1xx_HAL_Driver\Src\stm32f1xx_hal_gpio_ex.c 0x00000000   Number         0  stm32f1xx_hal_gpio_ex.o ABSOLUTE
    ..\Drivers\STM32F1xx_HAL_Driver\Src\stm32f1xx_hal_pwr.c 0x00000000   Number         0  stm32f1xx_hal_pwr.o ABSOLUTE
    ..\Drivers\STM32F1xx_HAL_Driver\Src\stm32f1xx_hal_rcc.c 0x00000000   Number         0  stm32f1xx_hal_rcc.o ABSOLUTE
    ..\Drivers\STM32F1xx_HAL_Driver\Src\stm32f1xx_hal_rcc_ex.c 0x00000000   Number         0  stm32f1xx_hal_rcc_ex.o ABSOLUTE
    ..\Drivers\STM32F1xx_HAL_Driver\Src\stm32f1xx_hal_tim.c 0x00000000   Number         0  stm32f1xx_hal_tim.o ABSOLUTE
    ..\Drivers\STM32F1xx_HAL_Driver\Src\stm32f1xx_hal_tim_ex.c 0x00000000   Number         0  stm32f1xx_hal_tim_ex.o ABSOLUTE
    ..\Drivers\STM32F1xx_HAL_Driver\Src\stm32f1xx_hal_uart.c 0x00000000   Number         0  stm32f1xx_hal_uart.o ABSOLUTE
    ..\\app\\app_task.c                      0x00000000   Number         0  app_task.o ABSOLUTE
    ..\\app\\func.c                          0x00000000   Number         0  func.o ABSOLUTE
    ..\\app\\test.c                          0x00000000   Number         0  test.o ABSOLUTE
    ..\\bsp\\bsp_adc.c                       0x00000000   Number         0  bsp_adc.o ABSOLUTE
    ..\\bsp\\bsp_key.c                       0x00000000   Number         0  bsp_key.o ABSOLUTE
    ..\\bsp\\bsp_led.c                       0x00000000   Number         0  bsp_led.o ABSOLUTE
    ..\\bsp\\bsp_tim.c                       0x00000000   Number         0  bsp_tim.o ABSOLUTE
    ..\\bsp\\bsp_usart.c                     0x00000000   Number         0  bsp_usart.o ABSOLUTE
    ..\\module\\lcd.c                        0x00000000   Number         0  lcd.o ABSOLUTE
    ..\\module\\lcd_gui.c                    0x00000000   Number         0  lcd_gui.o ABSOLUTE
    ..\algorithm\cr4_fft_1024_stm32.s        0x00000000   Number         0  cr4_fft_1024_stm32.o ABSOLUTE
    ..\algorithm\cr4_fft_256_stm32.s         0x00000000   Number         0  cr4_fft_256_stm32.o ABSOLUTE
    ..\app\app_task.c                        0x00000000   Number         0  app_task.o ABSOLUTE
    ..\app\func.c                            0x00000000   Number         0  func.o ABSOLUTE
    ..\app\test.c                            0x00000000   Number         0  test.o ABSOLUTE
    ..\bsp\bsp_adc.c                         0x00000000   Number         0  bsp_adc.o ABSOLUTE
    ..\bsp\bsp_key.c                         0x00000000   Number         0  bsp_key.o ABSOLUTE
    ..\bsp\bsp_led.c                         0x00000000   Number         0  bsp_led.o ABSOLUTE
    ..\bsp\bsp_spi.c                         0x00000000   Number         0  bsp_spi.o ABSOLUTE
    ..\bsp\bsp_tim.c                         0x00000000   Number         0  bsp_tim.o ABSOLUTE
    ..\bsp\bsp_usart.c                       0x00000000   Number         0  bsp_usart.o ABSOLUTE
    ..\module\lcd.c                          0x00000000   Number         0  lcd.o ABSOLUTE
    ..\module\lcd_gui.c                      0x00000000   Number         0  lcd_gui.o ABSOLUTE
    cdcmple.s                                0x00000000   Number         0  cdcmple.o ABSOLUTE
    cdrcmple.s                               0x00000000   Number         0  cdrcmple.o ABSOLUTE
    dc.s                                     0x00000000   Number         0  dc.o ABSOLUTE
    handlers.s                               0x00000000   Number         0  handlers.o ABSOLUTE
    init.s                                   0x00000000   Number         0  init.o ABSOLUTE
    startup_stm32f103x6.s                    0x00000000   Number         0  startup_stm32f103x6.o ABSOLUTE
    RESET                                    0x08000000   Section      236  startup_stm32f103x6.o(RESET)
    .ARM.Collect$$$$00000000                 0x080000ec   Section        0  entry.o(.ARM.Collect$$$$00000000)
    .ARM.Collect$$$$00000001                 0x080000ec   Section        4  entry2.o(.ARM.Collect$$$$00000001)
    .ARM.Collect$$$$00000004                 0x080000f0   Section        4  entry5.o(.ARM.Collect$$$$00000004)
    .ARM.Collect$$$$00000008                 0x080000f4   Section        0  entry7b.o(.ARM.Collect$$$$00000008)
    .ARM.Collect$$$$0000000A                 0x080000f4   Section        0  entry8b.o(.ARM.Collect$$$$0000000A)
    .ARM.Collect$$$$0000000B                 0x080000f4   Section        8  entry9a.o(.ARM.Collect$$$$0000000B)
    .ARM.Collect$$$$0000000D                 0x080000fc   Section        0  entry10a.o(.ARM.Collect$$$$0000000D)
    .ARM.Collect$$$$0000000F                 0x080000fc   Section        0  entry11a.o(.ARM.Collect$$$$0000000F)
    .ARM.Collect$$$$00002712                 0x080000fc   Section        4  entry2.o(.ARM.Collect$$$$00002712)
    __lit__00000000                          0x080000fc   Data           4  entry2.o(.ARM.Collect$$$$00002712)
    .text                                    0x08000100   Section       36  startup_stm32f103x6.o(.text)
    .text                                    0x08000124   Section     1502  cr4_fft_256_stm32.o(.text)
    .text                                    0x08000702   Section        0  llushr.o(.text)
    .text                                    0x08000722   Section        0  memcpya.o(.text)
    .text                                    0x08000746   Section        0  memseta.o(.text)
    .text                                    0x0800076a   Section        0  fadd.o(.text)
    .text                                    0x0800081a   Section        0  fmul.o(.text)
    .text                                    0x0800087e   Section        0  fscalb.o(.text)
    .text                                    0x08000896   Section        0  dscalb.o(.text)
    .text                                    0x080008c4   Section        0  fflti.o(.text)
    .text                                    0x080008d6   Section        0  ffixui.o(.text)
    .text                                    0x080008fe   Section        0  f2d.o(.text)
    .text                                    0x08000924   Section        0  d2f.o(.text)
    .text                                    0x0800095c   Section        0  uidiv.o(.text)
    .text                                    0x08000988   Section        0  iusefp.o(.text)
    .text                                    0x08000988   Section        0  fepilogue.o(.text)
    .text                                    0x080009f6   Section        0  depilogue.o(.text)
    .text                                    0x08000ab0   Section        0  dsqrt.o(.text)
    .text                                    0x08000b54   Section       36  init.o(.text)
    .text                                    0x08000b78   Section        0  llshl.o(.text)
    i.ADC1_2_IRQHandler                      0x08000b98   Section        0  stm32f1xx_it.o(i.ADC1_2_IRQHandler)
    i.ADC_ConversionStop_Disable             0x08000ba4   Section        0  stm32f1xx_hal_adc.o(i.ADC_ConversionStop_Disable)
    i.ADC_DMAConvCplt                        0x08000bfa   Section        0  stm32f1xx_hal_adc.o(i.ADC_DMAConvCplt)
    i.ADC_DMAError                           0x08000c48   Section        0  stm32f1xx_hal_adc.o(i.ADC_DMAError)
    i.ADC_DMAHalfConvCplt                    0x08000c62   Section        0  stm32f1xx_hal_adc.o(i.ADC_DMAHalfConvCplt)
    i.ADC_Enable                             0x08000c6c   Section        0  stm32f1xx_hal_adc.o(i.ADC_Enable)
    i.BusFault_Handler                       0x08000ce8   Section        0  stm32f1xx_it.o(i.BusFault_Handler)
    i.DMA1_Channel1_IRQHandler               0x08000cec   Section        0  stm32f1xx_it.o(i.DMA1_Channel1_IRQHandler)
    i.DMA_SetConfig                          0x08000cf8   Section        0  stm32f1xx_hal_dma.o(i.DMA_SetConfig)
    DMA_SetConfig                            0x08000cf9   Thumb Code    42  stm32f1xx_hal_dma.o(i.DMA_SetConfig)
    i.DMA_get_adc_val                        0x08000d24   Section        0  bsp_adc.o(i.DMA_get_adc_val)
    i.DebugMon_Handler                       0x08000d5c   Section        0  stm32f1xx_it.o(i.DebugMon_Handler)
    i.Draw_FFT_Cordinate                     0x08000d60   Section        0  app_task.o(i.Draw_FFT_Cordinate)
    i.Draw_FFT_Spectrum                      0x08000ec0   Section        0  app_task.o(i.Draw_FFT_Spectrum)
    i.EXTI0_IRQHandler                       0x08000f00   Section        0  stm32f1xx_it.o(i.EXTI0_IRQHandler)
    i.EXTI1_IRQHandler                       0x08000f06   Section        0  stm32f1xx_it.o(i.EXTI1_IRQHandler)
    i.EXTI2_IRQHandler                       0x08000f0c   Section        0  stm32f1xx_it.o(i.EXTI2_IRQHandler)
    i.EXTI3_IRQHandler                       0x08000f12   Section        0  stm32f1xx_it.o(i.EXTI3_IRQHandler)
    i.EXTI4_IRQHandler                       0x08000f18   Section        0  stm32f1xx_it.o(i.EXTI4_IRQHandler)
    i.Error_Handler                          0x08000f1e   Section        0  main.o(i.Error_Handler)
    i.GUI_DrawLine                           0x08000f22   Section        0  lcd_gui.o(i.GUI_DrawLine)
    i.GUI_DrawPoint                          0x08000fbe   Section        0  lcd_gui.o(i.GUI_DrawPoint)
    i.GetPowerMag                            0x08000fd0   Section        0  func.o(i.GetPowerMag)
    i.HAL_ADCEx_InjectedConvCpltCallback     0x0800106c   Section        0  stm32f1xx_hal_adc_ex.o(i.HAL_ADCEx_InjectedConvCpltCallback)
    i.HAL_ADC_ConfigChannel                  0x08001070   Section        0  stm32f1xx_hal_adc.o(i.HAL_ADC_ConfigChannel)
    i.HAL_ADC_ConvCpltCallback               0x0800116c   Section        0  app_task.o(i.HAL_ADC_ConvCpltCallback)
    i.HAL_ADC_ConvHalfCpltCallback           0x080011ac   Section        0  stm32f1xx_hal_adc.o(i.HAL_ADC_ConvHalfCpltCallback)
    i.HAL_ADC_ErrorCallback                  0x080011ae   Section        0  stm32f1xx_hal_adc.o(i.HAL_ADC_ErrorCallback)
    i.HAL_ADC_IRQHandler                     0x080011b0   Section        0  stm32f1xx_hal_adc.o(i.HAL_ADC_IRQHandler)
    i.HAL_ADC_Init                           0x08001298   Section        0  stm32f1xx_hal_adc.o(i.HAL_ADC_Init)
    i.HAL_ADC_LevelOutOfWindowCallback       0x080013b4   Section        0  stm32f1xx_hal_adc.o(i.HAL_ADC_LevelOutOfWindowCallback)
    i.HAL_ADC_MspInit                        0x080013b8   Section        0  adc.o(i.HAL_ADC_MspInit)
    i.HAL_ADC_Start_DMA                      0x08001448   Section        0  stm32f1xx_hal_adc.o(i.HAL_ADC_Start_DMA)
    i.HAL_ADC_Stop_DMA                       0x08001554   Section        0  stm32f1xx_hal_adc.o(i.HAL_ADC_Stop_DMA)
    i.HAL_DMA_Abort                          0x080015aa   Section        0  stm32f1xx_hal_dma.o(i.HAL_DMA_Abort)
    i.HAL_DMA_Abort_IT                       0x080015f0   Section        0  stm32f1xx_hal_dma.o(i.HAL_DMA_Abort_IT)
    i.HAL_DMA_IRQHandler                     0x08001688   Section        0  stm32f1xx_hal_dma.o(i.HAL_DMA_IRQHandler)
    i.HAL_DMA_Init                           0x080017dc   Section        0  stm32f1xx_hal_dma.o(i.HAL_DMA_Init)
    i.HAL_DMA_Start_IT                       0x08001838   Section        0  stm32f1xx_hal_dma.o(i.HAL_DMA_Start_IT)
    i.HAL_Delay                              0x080018a8   Section        0  stm32f1xx_hal.o(i.HAL_Delay)
    i.HAL_GPIO_EXTI_Callback                 0x080018cc   Section        0  bsp_key.o(i.HAL_GPIO_EXTI_Callback)
    i.HAL_GPIO_EXTI_IRQHandler               0x0800197c   Section        0  stm32f1xx_hal_gpio.o(i.HAL_GPIO_EXTI_IRQHandler)
    i.HAL_GPIO_Init                          0x08001994   Section        0  stm32f1xx_hal_gpio.o(i.HAL_GPIO_Init)
    i.HAL_GPIO_ReadPin                       0x08001b54   Section        0  stm32f1xx_hal_gpio.o(i.HAL_GPIO_ReadPin)
    i.HAL_GPIO_TogglePin                     0x08001b5e   Section        0  stm32f1xx_hal_gpio.o(i.HAL_GPIO_TogglePin)
    i.HAL_GPIO_WritePin                      0x08001b6e   Section        0  stm32f1xx_hal_gpio.o(i.HAL_GPIO_WritePin)
    i.HAL_GetTick                            0x08001b78   Section        0  stm32f1xx_hal.o(i.HAL_GetTick)
    i.HAL_IncTick                            0x08001b84   Section        0  stm32f1xx_hal.o(i.HAL_IncTick)
    i.HAL_Init                               0x08001b94   Section        0  stm32f1xx_hal.o(i.HAL_Init)
    i.HAL_InitTick                           0x08001bb8   Section        0  stm32f1xx_hal.o(i.HAL_InitTick)
    i.HAL_MspInit                            0x08001bf8   Section        0  stm32f1xx_hal_msp.o(i.HAL_MspInit)
    i.HAL_NVIC_EnableIRQ                     0x08001c34   Section        0  stm32f1xx_hal_cortex.o(i.HAL_NVIC_EnableIRQ)
    i.HAL_NVIC_SetPriority                   0x08001c4c   Section        0  stm32f1xx_hal_cortex.o(i.HAL_NVIC_SetPriority)
    i.HAL_NVIC_SetPriorityGrouping           0x08001c8c   Section        0  stm32f1xx_hal_cortex.o(i.HAL_NVIC_SetPriorityGrouping)
    i.HAL_RCCEx_PeriphCLKConfig              0x08001cb0   Section        0  stm32f1xx_hal_rcc_ex.o(i.HAL_RCCEx_PeriphCLKConfig)
    i.HAL_RCC_ClockConfig                    0x08001d9c   Section        0  stm32f1xx_hal_rcc.o(i.HAL_RCC_ClockConfig)
    i.HAL_RCC_GetPCLK1Freq                   0x08001ec8   Section        0  stm32f1xx_hal_rcc.o(i.HAL_RCC_GetPCLK1Freq)
    i.HAL_RCC_GetPCLK2Freq                   0x08001ee8   Section        0  stm32f1xx_hal_rcc.o(i.HAL_RCC_GetPCLK2Freq)
    i.HAL_RCC_GetSysClockFreq                0x08001f08   Section        0  stm32f1xx_hal_rcc.o(i.HAL_RCC_GetSysClockFreq)
    i.HAL_RCC_OscConfig                      0x08001f74   Section        0  stm32f1xx_hal_rcc.o(i.HAL_RCC_OscConfig)
    i.HAL_SYSTICK_Config                     0x08002294   Section        0  stm32f1xx_hal_cortex.o(i.HAL_SYSTICK_Config)
    i.HAL_TIMEx_BreakCallback                0x080022bc   Section        0  stm32f1xx_hal_tim_ex.o(i.HAL_TIMEx_BreakCallback)
    i.HAL_TIMEx_CommutCallback               0x080022be   Section        0  stm32f1xx_hal_tim_ex.o(i.HAL_TIMEx_CommutCallback)
    i.HAL_TIMEx_MasterConfigSynchronization  0x080022c0   Section        0  stm32f1xx_hal_tim_ex.o(i.HAL_TIMEx_MasterConfigSynchronization)
    i.HAL_TIM_Base_Init                      0x08002320   Section        0  stm32f1xx_hal_tim.o(i.HAL_TIM_Base_Init)
    i.HAL_TIM_Base_MspInit                   0x0800237c   Section        0  tim.o(i.HAL_TIM_Base_MspInit)
    i.HAL_TIM_Base_Start_IT                  0x080023b8   Section        0  stm32f1xx_hal_tim.o(i.HAL_TIM_Base_Start_IT)
    i.HAL_TIM_ConfigClockSource              0x08002408   Section        0  stm32f1xx_hal_tim.o(i.HAL_TIM_ConfigClockSource)
    i.HAL_TIM_IC_CaptureCallback             0x080024de   Section        0  stm32f1xx_hal_tim.o(i.HAL_TIM_IC_CaptureCallback)
    i.HAL_TIM_IRQHandler                     0x080024e0   Section        0  stm32f1xx_hal_tim.o(i.HAL_TIM_IRQHandler)
    i.HAL_TIM_OC_DelayElapsedCallback        0x08002646   Section        0  stm32f1xx_hal_tim.o(i.HAL_TIM_OC_DelayElapsedCallback)
    i.HAL_TIM_PWM_PulseFinishedCallback      0x08002648   Section        0  stm32f1xx_hal_tim.o(i.HAL_TIM_PWM_PulseFinishedCallback)
    i.HAL_TIM_PeriodElapsedCallback          0x0800264c   Section        0  app_task.o(i.HAL_TIM_PeriodElapsedCallback)
    i.HAL_TIM_TriggerCallback                0x080026dc   Section        0  stm32f1xx_hal_tim.o(i.HAL_TIM_TriggerCallback)
    i.HAL_UARTEx_RxEventCallback             0x080026de   Section        0  stm32f1xx_hal_uart.o(i.HAL_UARTEx_RxEventCallback)
    i.HAL_UART_ErrorCallback                 0x080026e0   Section        0  stm32f1xx_hal_uart.o(i.HAL_UART_ErrorCallback)
    i.HAL_UART_IRQHandler                    0x080026e4   Section        0  stm32f1xx_hal_uart.o(i.HAL_UART_IRQHandler)
    i.HAL_UART_Init                          0x080028f0   Section        0  stm32f1xx_hal_uart.o(i.HAL_UART_Init)
    i.HAL_UART_MspInit                       0x08002954   Section        0  usart.o(i.HAL_UART_MspInit)
    i.HAL_UART_RxCpltCallback                0x080029c4   Section        0  stm32f1xx_hal_uart.o(i.HAL_UART_RxCpltCallback)
    i.HAL_UART_Transmit                      0x080029c8   Section        0  stm32f1xx_hal_uart.o(i.HAL_UART_Transmit)
    i.HAL_UART_TxCpltCallback                0x08002a7a   Section        0  stm32f1xx_hal_uart.o(i.HAL_UART_TxCpltCallback)
    i.HardFault_Handler                      0x08002a7c   Section        0  stm32f1xx_it.o(i.HardFault_Handler)
    i.LCD_DrawLine                           0x08002a7e   Section        0  lcd_gui.o(i.LCD_DrawLine)
    i.LCD_DrawPoint                          0x08002b18   Section        0  lcd.o(i.LCD_DrawPoint)
    i.LCD_DrawPoint_16Bit                    0x08002b5c   Section        0  lcd.o(i.LCD_DrawPoint_16Bit)
    i.LCD_DrawRectangle                      0x08002b94   Section        0  lcd_gui.o(i.LCD_DrawRectangle)
    i.LCD_Fill                               0x08002bd0   Section        0  lcd_gui.o(i.LCD_Fill)
    i.LCD_GPIOInit                           0x08002c5c   Section        0  lcd.o(i.LCD_GPIOInit)
    i.LCD_Init                               0x08002ca4   Section        0  lcd.o(i.LCD_Init)
    i.LCD_RESET                              0x08002ee8   Section        0  lcd.o(i.LCD_RESET)
    i.LCD_SetCursor                          0x08002f08   Section        0  lcd.o(i.LCD_SetCursor)
    i.LCD_SetParam                           0x08002f40   Section        0  lcd.o(i.LCD_SetParam)
    i.LCD_SetWindows                         0x08002f68   Section        0  lcd.o(i.LCD_SetWindows)
    i.LCD_ShowChar                           0x08002fc4   Section        0  lcd_gui.o(i.LCD_ShowChar)
    i.LCD_ShowNum                            0x080030cc   Section        0  lcd_gui.o(i.LCD_ShowNum)
    i.LCD_ShowString                         0x08003150   Section        0  lcd_gui.o(i.LCD_ShowString)
    i.LCD_WR_DATA                            0x080031b0   Section        0  lcd.o(i.LCD_WR_DATA)
    i.LCD_WR_REG                             0x080031d8   Section        0  lcd.o(i.LCD_WR_REG)
    i.LCD_WriteRAM_Prepare                   0x080031fc   Section        0  lcd.o(i.LCD_WriteRAM_Prepare)
    i.LCD_WriteReg                           0x08003208   Section        0  lcd.o(i.LCD_WriteReg)
    i.MX_ADC1_Init                           0x0800321c   Section        0  adc.o(i.MX_ADC1_Init)
    i.MX_DMA_Init                            0x08003280   Section        0  dma.o(i.MX_DMA_Init)
    i.MX_GPIO_Init                           0x0800329c   Section        0  gpio.o(i.MX_GPIO_Init)
    i.MX_NVIC_Init                           0x08003374   Section        0  main.o(i.MX_NVIC_Init)
    MX_NVIC_Init                             0x08003375   Thumb Code   166  main.o(i.MX_NVIC_Init)
    i.MX_TIM2_Init                           0x0800341c   Section        0  tim.o(i.MX_TIM2_Init)
    i.MX_TIM3_Init                           0x08003480   Section        0  tim.o(i.MX_TIM3_Init)
    i.MX_USART1_UART_Init                    0x080034e8   Section        0  usart.o(i.MX_USART1_UART_Init)
    i.MemManage_Handler                      0x08003520   Section        0  stm32f1xx_it.o(i.MemManage_Handler)
    i.NMI_Handler                            0x08003522   Section        0  stm32f1xx_it.o(i.NMI_Handler)
    i.NVIC_SetPriority                       0x08003524   Section        0  stm32f1xx_hal_cortex.o(i.NVIC_SetPriority)
    NVIC_SetPriority                         0x08003525   Thumb Code    32  stm32f1xx_hal_cortex.o(i.NVIC_SetPriority)
    i.PendSV_Handler                         0x08003544   Section        0  stm32f1xx_it.o(i.PendSV_Handler)
    i.SVC_Handler                            0x08003546   Section        0  stm32f1xx_it.o(i.SVC_Handler)
    i.SysTick_Handler                        0x08003548   Section        0  stm32f1xx_it.o(i.SysTick_Handler)
    i.SystemClock_Config                     0x0800354c   Section        0  main.o(i.SystemClock_Config)
    i.SystemInit                             0x080035c4   Section        0  system_stm32f1xx.o(i.SystemInit)
    i.TIM2_IRQHandler                        0x080035c8   Section        0  stm32f1xx_it.o(i.TIM2_IRQHandler)
    i.TIM3_IRQHandler                        0x080035d4   Section        0  stm32f1xx_it.o(i.TIM3_IRQHandler)
    i.TIM_Base_SetConfig                     0x080035e0   Section        0  stm32f1xx_hal_tim.o(i.TIM_Base_SetConfig)
    i.TIM_ETR_SetConfig                      0x0800363c   Section        0  stm32f1xx_hal_tim.o(i.TIM_ETR_SetConfig)
    i.TIM_ITRx_SetConfig                     0x08003650   Section        0  stm32f1xx_hal_tim.o(i.TIM_ITRx_SetConfig)
    TIM_ITRx_SetConfig                       0x08003651   Thumb Code    16  stm32f1xx_hal_tim.o(i.TIM_ITRx_SetConfig)
    i.TIM_TI1_ConfigInputStage               0x08003660   Section        0  stm32f1xx_hal_tim.o(i.TIM_TI1_ConfigInputStage)
    TIM_TI1_ConfigInputStage                 0x08003661   Thumb Code    34  stm32f1xx_hal_tim.o(i.TIM_TI1_ConfigInputStage)
    i.TIM_TI2_ConfigInputStage               0x08003682   Section        0  stm32f1xx_hal_tim.o(i.TIM_TI2_ConfigInputStage)
    TIM_TI2_ConfigInputStage                 0x08003683   Thumb Code    36  stm32f1xx_hal_tim.o(i.TIM_TI2_ConfigInputStage)
    i.UART_DMAAbortOnError                   0x080036a6   Section        0  stm32f1xx_hal_uart.o(i.UART_DMAAbortOnError)
    UART_DMAAbortOnError                     0x080036a7   Thumb Code    16  stm32f1xx_hal_uart.o(i.UART_DMAAbortOnError)
    i.UART_EndRxTransfer                     0x080036b6   Section        0  stm32f1xx_hal_uart.o(i.UART_EndRxTransfer)
    UART_EndRxTransfer                       0x080036b7   Thumb Code    48  stm32f1xx_hal_uart.o(i.UART_EndRxTransfer)
    i.UART_Receive_IT                        0x080036e6   Section        0  stm32f1xx_hal_uart.o(i.UART_Receive_IT)
    UART_Receive_IT                          0x080036e7   Thumb Code   182  stm32f1xx_hal_uart.o(i.UART_Receive_IT)
    i.UART_SetConfig                         0x0800379c   Section        0  stm32f1xx_hal_uart.o(i.UART_SetConfig)
    UART_SetConfig                           0x0800379d   Thumb Code   178  stm32f1xx_hal_uart.o(i.UART_SetConfig)
    i.UART_WaitOnFlagUntilTimeout            0x08003854   Section        0  stm32f1xx_hal_uart.o(i.UART_WaitOnFlagUntilTimeout)
    UART_WaitOnFlagUntilTimeout              0x08003855   Thumb Code   100  stm32f1xx_hal_uart.o(i.UART_WaitOnFlagUntilTimeout)
    i.USART1_IRQHandler                      0x080038b8   Section        0  stm32f1xx_it.o(i.USART1_IRQHandler)
    i.UsageFault_Handler                     0x080038c4   Section        0  stm32f1xx_it.o(i.UsageFault_Handler)
    i.__0printf$1                            0x080038c8   Section        0  printf1.o(i.__0printf$1)
    i.__scatterload_copy                     0x080038e8   Section       14  handlers.o(i.__scatterload_copy)
    i.__scatterload_null                     0x080038f6   Section        2  handlers.o(i.__scatterload_null)
    i.__scatterload_zeroinit                 0x080038f8   Section       14  handlers.o(i.__scatterload_zeroinit)
    i.__set_errno                            0x08003908   Section        0  errno.o(i.__set_errno)
    i._printf_core                           0x08003914   Section        0  printf1.o(i._printf_core)
    _printf_core                             0x08003915   Thumb Code   336  printf1.o(i._printf_core)
    i.adc_load_fft_data                      0x08003a68   Section        0  func.o(i.adc_load_fft_data)
    i.clean_lcd_screen                       0x08003ac0   Section        0  app_task.o(i.clean_lcd_screen)
    i.fft_display_spectrum                   0x08003af8   Section        0  app_task.o(i.fft_display_spectrum)
    i.fputc                                  0x08003b60   Section        0  bsp_usart.o(i.fputc)
    i.get_key_status                         0x08003b7c   Section        0  bsp_key.o(i.get_key_status)
    i.get_measurements_display               0x08003b88   Section        0  app_task.o(i.get_measurements_display)
    i.key_init                               0x08003e54   Section        0  bsp_key.o(i.key_init)
    i.key_toggle_status                      0x08003e6c   Section        0  bsp_key.o(i.key_toggle_status)
    i.main                                   0x08003e88   Section        0  main.o(i.main)
    i.mypow                                  0x08003f98   Section        0  lcd_gui.o(i.mypow)
    i.show_status                            0x08003fa8   Section        0  app_task.o(i.show_status)
    i.sqrt                                   0x0800400c   Section        0  sqrt.o(i.sqrt)
    i.tim2_init                              0x08004058   Section        0  bsp_tim.o(i.tim2_init)
    i.tim3_init                              0x08004064   Section        0  bsp_tim.o(i.tim3_init)
    i.time_wave_display                      0x08004070   Section        0  app_task.o(i.time_wave_display)
    .constdata                               0x08004154   Section       16  system_stm32f1xx.o(.constdata)
    .constdata                               0x08004164   Section        8  system_stm32f1xx.o(.constdata)
    .constdata                               0x0800416c   Section     5262  lcd_gui.o(.constdata)
    .data                                    0x20000000   Section       12  stm32f1xx_hal.o(.data)
    .data                                    0x2000000c   Section        4  system_stm32f1xx.o(.data)
    .data                                    0x20000010   Section       16  bsp_adc.o(.data)
    .data                                    0x20000020   Section        5  bsp_key.o(.data)
    key_status                               0x20000020   Data           5  bsp_key.o(.data)
    .data                                    0x20000028   Section       16  app_task.o(.data)
    .data                                    0x20000038   Section        2  lcd.o(.data)
    .data                                    0x2000003a   Section        2  lcd.o(.data)
    .data                                    0x2000003c   Section        4  stdout.o(.data)
    .data                                    0x20000040   Section        4  errno.o(.data)
    _errno                                   0x20000040   Data           4  errno.o(.data)
    .bss                                     0x20000044   Section      116  adc.o(.bss)
    .bss                                     0x200000b8   Section      144  tim.o(.bss)
    .bss                                     0x20000148   Section       68  usart.o(.bss)
    .bss                                     0x2000018c   Section     1024  bsp_adc.o(.bss)
    .bss                                     0x2000058c   Section     1024  bsp_adc.o(.bss)
    .bss                                     0x2000098c   Section     2048  func.o(.bss)
    .bss                                     0x2000118c   Section      768  app_task.o(.bss)
    .bss                                     0x2000148c   Section       14  lcd.o(.bss)
    STACK                                    0x200014a0   Section     1024  startup_stm32f103x6.o(STACK)

    Global Symbols

    Symbol Name                              Value     Ov Type        Size  Object(Section)

    BuildAttributes$$THM_ISAv4$P$D$K$B$S$PE$A:L22UL41UL21$X:L11$S22US41US21$IEEE1$IW$USESV6$~STKCKD$USESV7$~SHL$OTIME$ROPI$IEEEJ$EBA8$MICROLIB$REQ8$PRES8$EABIv2 0x00000000   Number         0  anon$$obj.o ABSOLUTE
    __ARM_use_no_argv                        0x00000000   Number         0  main.o ABSOLUTE
    _printf_a                                0x00000000   Number         0  stubs.o ABSOLUTE
    _printf_c                                0x00000000   Number         0  stubs.o ABSOLUTE
    _printf_charcount                        0x00000000   Number         0  stubs.o ABSOLUTE
    _printf_d                                0x00000000   Number         0  stubs.o ABSOLUTE
    _printf_e                                0x00000000   Number         0  stubs.o ABSOLUTE
    _printf_f                                0x00000000   Number         0  stubs.o ABSOLUTE
    _printf_flags                            0x00000000   Number         0  stubs.o ABSOLUTE
    _printf_fp_dec                           0x00000000   Number         0  stubs.o ABSOLUTE
    _printf_fp_hex                           0x00000000   Number         0  stubs.o ABSOLUTE
    _printf_g                                0x00000000   Number         0  stubs.o ABSOLUTE
    _printf_i                                0x00000000   Number         0  stubs.o ABSOLUTE
    _printf_int_dec                          0x00000000   Number         0  stubs.o ABSOLUTE
    _printf_l                                0x00000000   Number         0  stubs.o ABSOLUTE
    _printf_lc                               0x00000000   Number         0  stubs.o ABSOLUTE
    _printf_ll                               0x00000000   Number         0  stubs.o ABSOLUTE
    _printf_lld                              0x00000000   Number         0  stubs.o ABSOLUTE
    _printf_lli                              0x00000000   Number         0  stubs.o ABSOLUTE
    _printf_llo                              0x00000000   Number         0  stubs.o ABSOLUTE
    _printf_llu                              0x00000000   Number         0  stubs.o ABSOLUTE
    _printf_llx                              0x00000000   Number         0  stubs.o ABSOLUTE
    _printf_longlong_dec                     0x00000000   Number         0  stubs.o ABSOLUTE
    _printf_longlong_hex                     0x00000000   Number         0  stubs.o ABSOLUTE
    _printf_longlong_oct                     0x00000000   Number         0  stubs.o ABSOLUTE
    _printf_ls                               0x00000000   Number         0  stubs.o ABSOLUTE
    _printf_mbtowc                           0x00000000   Number         0  stubs.o ABSOLUTE
    _printf_n                                0x00000000   Number         0  stubs.o ABSOLUTE
    _printf_o                                0x00000000   Number         0  stubs.o ABSOLUTE
    _printf_p                                0x00000000   Number         0  stubs.o ABSOLUTE
    _printf_percent                          0x00000000   Number         0  stubs.o ABSOLUTE
    _printf_pre_padding                      0x00000000   Number         0  stubs.o ABSOLUTE
    _printf_return_value                     0x00000000   Number         0  stubs.o ABSOLUTE
    _printf_s                                0x00000000   Number         0  stubs.o ABSOLUTE
    _printf_sizespec                         0x00000000   Number         0  stubs.o ABSOLUTE
    _printf_str                              0x00000000   Number         0  stubs.o ABSOLUTE
    _printf_truncate_signed                  0x00000000   Number         0  stubs.o ABSOLUTE
    _printf_truncate_unsigned                0x00000000   Number         0  stubs.o ABSOLUTE
    _printf_u                                0x00000000   Number         0  stubs.o ABSOLUTE
    _printf_wc                               0x00000000   Number         0  stubs.o ABSOLUTE
    _printf_wctomb                           0x00000000   Number         0  stubs.o ABSOLUTE
    _printf_widthprec                        0x00000000   Number         0  stubs.o ABSOLUTE
    _printf_x                                0x00000000   Number         0  stubs.o ABSOLUTE
    __cpp_initialize__aeabi_                  - Undefined Weak Reference
    __cxa_finalize                            - Undefined Weak Reference
    __decompress                              - Undefined Weak Reference
    _clock_init                               - Undefined Weak Reference
    _microlib_exit                            - Undefined Weak Reference
    __Vectors_Size                           0x000000ec   Number         0  startup_stm32f103x6.o ABSOLUTE
    __Vectors                                0x08000000   Data           4  startup_stm32f103x6.o(RESET)
    __Vectors_End                            0x080000ec   Data           0  startup_stm32f103x6.o(RESET)
    __main                                   0x080000ed   Thumb Code     0  entry.o(.ARM.Collect$$$$00000000)
    _main_stk                                0x080000ed   Thumb Code     0  entry2.o(.ARM.Collect$$$$00000001)
    _main_scatterload                        0x080000f1   Thumb Code     0  entry5.o(.ARM.Collect$$$$00000004)
    __main_after_scatterload                 0x080000f5   Thumb Code     0  entry5.o(.ARM.Collect$$$$00000004)
    _main_clock                              0x080000f5   Thumb Code     0  entry7b.o(.ARM.Collect$$$$00000008)
    _main_cpp_init                           0x080000f5   Thumb Code     0  entry8b.o(.ARM.Collect$$$$0000000A)
    _main_init                               0x080000f5   Thumb Code     0  entry9a.o(.ARM.Collect$$$$0000000B)
    __rt_final_cpp                           0x080000fd   Thumb Code     0  entry10a.o(.ARM.Collect$$$$0000000D)
    __rt_final_exit                          0x080000fd   Thumb Code     0  entry11a.o(.ARM.Collect$$$$0000000F)
    Reset_Handler                            0x08000101   Thumb Code     8  startup_stm32f103x6.o(.text)
    CAN1_RX1_IRQHandler                      0x0800011b   Thumb Code     0  startup_stm32f103x6.o(.text)
    CAN1_SCE_IRQHandler                      0x0800011b   Thumb Code     0  startup_stm32f103x6.o(.text)
    DMA1_Channel2_IRQHandler                 0x0800011b   Thumb Code     0  startup_stm32f103x6.o(.text)
    DMA1_Channel3_IRQHandler                 0x0800011b   Thumb Code     0  startup_stm32f103x6.o(.text)
    DMA1_Channel4_IRQHandler                 0x0800011b   Thumb Code     0  startup_stm32f103x6.o(.text)
    DMA1_Channel5_IRQHandler                 0x0800011b   Thumb Code     0  startup_stm32f103x6.o(.text)
    DMA1_Channel6_IRQHandler                 0x0800011b   Thumb Code     0  startup_stm32f103x6.o(.text)
    DMA1_Channel7_IRQHandler                 0x0800011b   Thumb Code     0  startup_stm32f103x6.o(.text)
    EXTI15_10_IRQHandler                     0x0800011b   Thumb Code     0  startup_stm32f103x6.o(.text)
    EXTI9_5_IRQHandler                       0x0800011b   Thumb Code     0  startup_stm32f103x6.o(.text)
    FLASH_IRQHandler                         0x0800011b   Thumb Code     0  startup_stm32f103x6.o(.text)
    I2C1_ER_IRQHandler                       0x0800011b   Thumb Code     0  startup_stm32f103x6.o(.text)
    I2C1_EV_IRQHandler                       0x0800011b   Thumb Code     0  startup_stm32f103x6.o(.text)
    PVD_IRQHandler                           0x0800011b   Thumb Code     0  startup_stm32f103x6.o(.text)
    RCC_IRQHandler                           0x0800011b   Thumb Code     0  startup_stm32f103x6.o(.text)
    RTC_Alarm_IRQHandler                     0x0800011b   Thumb Code     0  startup_stm32f103x6.o(.text)
    RTC_IRQHandler                           0x0800011b   Thumb Code     0  startup_stm32f103x6.o(.text)
    SPI1_IRQHandler                          0x0800011b   Thumb Code     0  startup_stm32f103x6.o(.text)
    TAMPER_IRQHandler                        0x0800011b   Thumb Code     0  startup_stm32f103x6.o(.text)
    TIM1_BRK_IRQHandler                      0x0800011b   Thumb Code     0  startup_stm32f103x6.o(.text)
    TIM1_CC_IRQHandler                       0x0800011b   Thumb Code     0  startup_stm32f103x6.o(.text)
    TIM1_TRG_COM_IRQHandler                  0x0800011b   Thumb Code     0  startup_stm32f103x6.o(.text)
    TIM1_UP_IRQHandler                       0x0800011b   Thumb Code     0  startup_stm32f103x6.o(.text)
    USART2_IRQHandler                        0x0800011b   Thumb Code     0  startup_stm32f103x6.o(.text)
    USBWakeUp_IRQHandler                     0x0800011b   Thumb Code     0  startup_stm32f103x6.o(.text)
    USB_HP_CAN1_TX_IRQHandler                0x0800011b   Thumb Code     0  startup_stm32f103x6.o(.text)
    USB_LP_CAN1_RX0_IRQHandler               0x0800011b   Thumb Code     0  startup_stm32f103x6.o(.text)
    WWDG_IRQHandler                          0x0800011b   Thumb Code     0  startup_stm32f103x6.o(.text)
    cr4_fft_256_stm32                        0x08000125   Thumb Code     0  cr4_fft_256_stm32.o(.text)
    __aeabi_llsr                             0x08000703   Thumb Code    32  llushr.o(.text)
    _ll_ushift_r                             0x08000703   Thumb Code     0  llushr.o(.text)
    __aeabi_memcpy                           0x08000723   Thumb Code    36  memcpya.o(.text)
    __aeabi_memcpy4                          0x08000723   Thumb Code     0  memcpya.o(.text)
    __aeabi_memcpy8                          0x08000723   Thumb Code     0  memcpya.o(.text)
    __aeabi_memset                           0x08000747   Thumb Code    14  memseta.o(.text)
    __aeabi_memset4                          0x08000747   Thumb Code     0  memseta.o(.text)
    __aeabi_memset8                          0x08000747   Thumb Code     0  memseta.o(.text)
    __aeabi_memclr                           0x08000755   Thumb Code     4  memseta.o(.text)
    __aeabi_memclr4                          0x08000755   Thumb Code     0  memseta.o(.text)
    __aeabi_memclr8                          0x08000755   Thumb Code     0  memseta.o(.text)
    _memset$wrapper                          0x08000759   Thumb Code    18  memseta.o(.text)
    __aeabi_fadd                             0x0800076b   Thumb Code   164  fadd.o(.text)
    __aeabi_fsub                             0x0800080f   Thumb Code     6  fadd.o(.text)
    __aeabi_frsub                            0x08000815   Thumb Code     6  fadd.o(.text)
    __aeabi_fmul                             0x0800081b   Thumb Code   100  fmul.o(.text)
    __ARM_scalbnf                            0x0800087f   Thumb Code    24  fscalb.o(.text)
    scalbnf                                  0x0800087f   Thumb Code     0  fscalb.o(.text)
    __ARM_scalbn                             0x08000897   Thumb Code    46  dscalb.o(.text)
    scalbn                                   0x08000897   Thumb Code     0  dscalb.o(.text)
    __aeabi_i2f                              0x080008c5   Thumb Code    18  fflti.o(.text)
    __aeabi_f2uiz                            0x080008d7   Thumb Code    40  ffixui.o(.text)
    __aeabi_f2d                              0x080008ff   Thumb Code    38  f2d.o(.text)
    __aeabi_d2f                              0x08000925   Thumb Code    56  d2f.o(.text)
    __aeabi_uidiv                            0x0800095d   Thumb Code     0  uidiv.o(.text)
    __aeabi_uidivmod                         0x0800095d   Thumb Code    44  uidiv.o(.text)
    __I$use$fp                               0x08000989   Thumb Code     0  iusefp.o(.text)
    _float_round                             0x08000989   Thumb Code    18  fepilogue.o(.text)
    _float_epilogue                          0x0800099b   Thumb Code    92  fepilogue.o(.text)
    _double_round                            0x080009f7   Thumb Code    30  depilogue.o(.text)
    _double_epilogue                         0x08000a15   Thumb Code   156  depilogue.o(.text)
    _dsqrt                                   0x08000ab1   Thumb Code   162  dsqrt.o(.text)
    __scatterload                            0x08000b55   Thumb Code    28  init.o(.text)
    __scatterload_rt2                        0x08000b55   Thumb Code     0  init.o(.text)
    __aeabi_llsl                             0x08000b79   Thumb Code    30  llshl.o(.text)
    _ll_shift_l                              0x08000b79   Thumb Code     0  llshl.o(.text)
    ADC1_2_IRQHandler                        0x08000b99   Thumb Code     6  stm32f1xx_it.o(i.ADC1_2_IRQHandler)
    ADC_ConversionStop_Disable               0x08000ba5   Thumb Code    86  stm32f1xx_hal_adc.o(i.ADC_ConversionStop_Disable)
    ADC_DMAConvCplt                          0x08000bfb   Thumb Code    78  stm32f1xx_hal_adc.o(i.ADC_DMAConvCplt)
    ADC_DMAError                             0x08000c49   Thumb Code    26  stm32f1xx_hal_adc.o(i.ADC_DMAError)
    ADC_DMAHalfConvCplt                      0x08000c63   Thumb Code    10  stm32f1xx_hal_adc.o(i.ADC_DMAHalfConvCplt)
    ADC_Enable                               0x08000c6d   Thumb Code   114  stm32f1xx_hal_adc.o(i.ADC_Enable)
    BusFault_Handler                         0x08000ce9   Thumb Code     2  stm32f1xx_it.o(i.BusFault_Handler)
    DMA1_Channel1_IRQHandler                 0x08000ced   Thumb Code     6  stm32f1xx_it.o(i.DMA1_Channel1_IRQHandler)
    DMA_get_adc_val                          0x08000d25   Thumb Code    48  bsp_adc.o(i.DMA_get_adc_val)
    DebugMon_Handler                         0x08000d5d   Thumb Code     2  stm32f1xx_it.o(i.DebugMon_Handler)
    Draw_FFT_Cordinate                       0x08000d61   Thumb Code   342  app_task.o(i.Draw_FFT_Cordinate)
    Draw_FFT_Spectrum                        0x08000ec1   Thumb Code    60  app_task.o(i.Draw_FFT_Spectrum)
    EXTI0_IRQHandler                         0x08000f01   Thumb Code     6  stm32f1xx_it.o(i.EXTI0_IRQHandler)
    EXTI1_IRQHandler                         0x08000f07   Thumb Code     6  stm32f1xx_it.o(i.EXTI1_IRQHandler)
    EXTI2_IRQHandler                         0x08000f0d   Thumb Code     6  stm32f1xx_it.o(i.EXTI2_IRQHandler)
    EXTI3_IRQHandler                         0x08000f13   Thumb Code     6  stm32f1xx_it.o(i.EXTI3_IRQHandler)
    EXTI4_IRQHandler                         0x08000f19   Thumb Code     6  stm32f1xx_it.o(i.EXTI4_IRQHandler)
    Error_Handler                            0x08000f1f   Thumb Code     4  main.o(i.Error_Handler)
    GUI_DrawLine                             0x08000f23   Thumb Code   156  lcd_gui.o(i.GUI_DrawLine)
    GUI_DrawPoint                            0x08000fbf   Thumb Code    18  lcd_gui.o(i.GUI_DrawPoint)
    GetPowerMag                              0x08000fd1   Thumb Code   152  func.o(i.GetPowerMag)
    HAL_ADCEx_InjectedConvCpltCallback       0x0800106d   Thumb Code     2  stm32f1xx_hal_adc_ex.o(i.HAL_ADCEx_InjectedConvCpltCallback)
    HAL_ADC_ConfigChannel                    0x08001071   Thumb Code   240  stm32f1xx_hal_adc.o(i.HAL_ADC_ConfigChannel)
    HAL_ADC_ConvCpltCallback                 0x0800116d   Thumb Code    42  app_task.o(i.HAL_ADC_ConvCpltCallback)
    HAL_ADC_ConvHalfCpltCallback             0x080011ad   Thumb Code     2  stm32f1xx_hal_adc.o(i.HAL_ADC_ConvHalfCpltCallback)
    HAL_ADC_ErrorCallback                    0x080011af   Thumb Code     2  stm32f1xx_hal_adc.o(i.HAL_ADC_ErrorCallback)
    HAL_ADC_IRQHandler                       0x080011b1   Thumb Code   230  stm32f1xx_hal_adc.o(i.HAL_ADC_IRQHandler)
    HAL_ADC_Init                             0x08001299   Thumb Code   272  stm32f1xx_hal_adc.o(i.HAL_ADC_Init)
    HAL_ADC_LevelOutOfWindowCallback         0x080013b5   Thumb Code     2  stm32f1xx_hal_adc.o(i.HAL_ADC_LevelOutOfWindowCallback)
    HAL_ADC_MspInit                          0x080013b9   Thumb Code   122  adc.o(i.HAL_ADC_MspInit)
    HAL_ADC_Start_DMA                        0x08001449   Thumb Code   246  stm32f1xx_hal_adc.o(i.HAL_ADC_Start_DMA)
    HAL_ADC_Stop_DMA                         0x08001555   Thumb Code    86  stm32f1xx_hal_adc.o(i.HAL_ADC_Stop_DMA)
    HAL_DMA_Abort                            0x080015ab   Thumb Code    70  stm32f1xx_hal_dma.o(i.HAL_DMA_Abort)
    HAL_DMA_Abort_IT                         0x080015f1   Thumb Code   148  stm32f1xx_hal_dma.o(i.HAL_DMA_Abort_IT)
    HAL_DMA_IRQHandler                       0x08001689   Thumb Code   316  stm32f1xx_hal_dma.o(i.HAL_DMA_IRQHandler)
    HAL_DMA_Init                             0x080017dd   Thumb Code    84  stm32f1xx_hal_dma.o(i.HAL_DMA_Init)
    HAL_DMA_Start_IT                         0x08001839   Thumb Code   112  stm32f1xx_hal_dma.o(i.HAL_DMA_Start_IT)
    HAL_Delay                                0x080018a9   Thumb Code    32  stm32f1xx_hal.o(i.HAL_Delay)
    HAL_GPIO_EXTI_Callback                   0x080018cd   Thumb Code   166  bsp_key.o(i.HAL_GPIO_EXTI_Callback)
    HAL_GPIO_EXTI_IRQHandler                 0x0800197d   Thumb Code    18  stm32f1xx_hal_gpio.o(i.HAL_GPIO_EXTI_IRQHandler)
    HAL_GPIO_Init                            0x08001995   Thumb Code   418  stm32f1xx_hal_gpio.o(i.HAL_GPIO_Init)
    HAL_GPIO_ReadPin                         0x08001b55   Thumb Code    10  stm32f1xx_hal_gpio.o(i.HAL_GPIO_ReadPin)
    HAL_GPIO_TogglePin                       0x08001b5f   Thumb Code    16  stm32f1xx_hal_gpio.o(i.HAL_GPIO_TogglePin)
    HAL_GPIO_WritePin                        0x08001b6f   Thumb Code    10  stm32f1xx_hal_gpio.o(i.HAL_GPIO_WritePin)
    HAL_GetTick                              0x08001b79   Thumb Code     6  stm32f1xx_hal.o(i.HAL_GetTick)
    HAL_IncTick                              0x08001b85   Thumb Code    12  stm32f1xx_hal.o(i.HAL_IncTick)
    HAL_Init                                 0x08001b95   Thumb Code    32  stm32f1xx_hal.o(i.HAL_Init)
    HAL_InitTick                             0x08001bb9   Thumb Code    54  stm32f1xx_hal.o(i.HAL_InitTick)
    HAL_MspInit                              0x08001bf9   Thumb Code    52  stm32f1xx_hal_msp.o(i.HAL_MspInit)
    HAL_NVIC_EnableIRQ                       0x08001c35   Thumb Code    22  stm32f1xx_hal_cortex.o(i.HAL_NVIC_EnableIRQ)
    HAL_NVIC_SetPriority                     0x08001c4d   Thumb Code    60  stm32f1xx_hal_cortex.o(i.HAL_NVIC_SetPriority)
    HAL_NVIC_SetPriorityGrouping             0x08001c8d   Thumb Code    26  stm32f1xx_hal_cortex.o(i.HAL_NVIC_SetPriorityGrouping)
    HAL_RCCEx_PeriphCLKConfig                0x08001cb1   Thumb Code   224  stm32f1xx_hal_rcc_ex.o(i.HAL_RCCEx_PeriphCLKConfig)
    HAL_RCC_ClockConfig                      0x08001d9d   Thumb Code   280  stm32f1xx_hal_rcc.o(i.HAL_RCC_ClockConfig)
    HAL_RCC_GetPCLK1Freq                     0x08001ec9   Thumb Code    20  stm32f1xx_hal_rcc.o(i.HAL_RCC_GetPCLK1Freq)
    HAL_RCC_GetPCLK2Freq                     0x08001ee9   Thumb Code    20  stm32f1xx_hal_rcc.o(i.HAL_RCC_GetPCLK2Freq)
    HAL_RCC_GetSysClockFreq                  0x08001f09   Thumb Code    74  stm32f1xx_hal_rcc.o(i.HAL_RCC_GetSysClockFreq)
    HAL_RCC_OscConfig                        0x08001f75   Thumb Code   778  stm32f1xx_hal_rcc.o(i.HAL_RCC_OscConfig)
    HAL_SYSTICK_Config                       0x08002295   Thumb Code    40  stm32f1xx_hal_cortex.o(i.HAL_SYSTICK_Config)
    HAL_TIMEx_BreakCallback                  0x080022bd   Thumb Code     2  stm32f1xx_hal_tim_ex.o(i.HAL_TIMEx_BreakCallback)
    HAL_TIMEx_CommutCallback                 0x080022bf   Thumb Code     2  stm32f1xx_hal_tim_ex.o(i.HAL_TIMEx_CommutCallback)
    HAL_TIMEx_MasterConfigSynchronization    0x080022c1   Thumb Code    86  stm32f1xx_hal_tim_ex.o(i.HAL_TIMEx_MasterConfigSynchronization)
    HAL_TIM_Base_Init                        0x08002321   Thumb Code    90  stm32f1xx_hal_tim.o(i.HAL_TIM_Base_Init)
    HAL_TIM_Base_MspInit                     0x0800237d   Thumb Code    52  tim.o(i.HAL_TIM_Base_MspInit)
    HAL_TIM_Base_Start_IT                    0x080023b9   Thumb Code    70  stm32f1xx_hal_tim.o(i.HAL_TIM_Base_Start_IT)
    HAL_TIM_ConfigClockSource                0x08002409   Thumb Code   214  stm32f1xx_hal_tim.o(i.HAL_TIM_ConfigClockSource)
    HAL_TIM_IC_CaptureCallback               0x080024df   Thumb Code     2  stm32f1xx_hal_tim.o(i.HAL_TIM_IC_CaptureCallback)
    HAL_TIM_IRQHandler                       0x080024e1   Thumb Code   358  stm32f1xx_hal_tim.o(i.HAL_TIM_IRQHandler)
    HAL_TIM_OC_DelayElapsedCallback          0x08002647   Thumb Code     2  stm32f1xx_hal_tim.o(i.HAL_TIM_OC_DelayElapsedCallback)
    HAL_TIM_PWM_PulseFinishedCallback        0x08002649   Thumb Code     2  stm32f1xx_hal_tim.o(i.HAL_TIM_PWM_PulseFinishedCallback)
    HAL_TIM_PeriodElapsedCallback            0x0800264d   Thumb Code   132  app_task.o(i.HAL_TIM_PeriodElapsedCallback)
    HAL_TIM_TriggerCallback                  0x080026dd   Thumb Code     2  stm32f1xx_hal_tim.o(i.HAL_TIM_TriggerCallback)
    HAL_UARTEx_RxEventCallback               0x080026df   Thumb Code     2  stm32f1xx_hal_uart.o(i.HAL_UARTEx_RxEventCallback)
    HAL_UART_ErrorCallback                   0x080026e1   Thumb Code     2  stm32f1xx_hal_uart.o(i.HAL_UART_ErrorCallback)
    HAL_UART_IRQHandler                      0x080026e5   Thumb Code   520  stm32f1xx_hal_uart.o(i.HAL_UART_IRQHandler)
    HAL_UART_Init                            0x080028f1   Thumb Code    98  stm32f1xx_hal_uart.o(i.HAL_UART_Init)
    HAL_UART_MspInit                         0x08002955   Thumb Code   100  usart.o(i.HAL_UART_MspInit)
    HAL_UART_RxCpltCallback                  0x080029c5   Thumb Code     2  stm32f1xx_hal_uart.o(i.HAL_UART_RxCpltCallback)
    HAL_UART_Transmit                        0x080029c9   Thumb Code   178  stm32f1xx_hal_uart.o(i.HAL_UART_Transmit)
    HAL_UART_TxCpltCallback                  0x08002a7b   Thumb Code     2  stm32f1xx_hal_uart.o(i.HAL_UART_TxCpltCallback)
    HardFault_Handler                        0x08002a7d   Thumb Code     2  stm32f1xx_it.o(i.HardFault_Handler)
    LCD_DrawLine                             0x08002a7f   Thumb Code   154  lcd_gui.o(i.LCD_DrawLine)
    LCD_DrawPoint                            0x08002b19   Thumb Code    54  lcd.o(i.LCD_DrawPoint)
    LCD_DrawPoint_16Bit                      0x08002b5d   Thumb Code    46  lcd.o(i.LCD_DrawPoint_16Bit)
    LCD_DrawRectangle                        0x08002b95   Thumb Code    58  lcd_gui.o(i.LCD_DrawRectangle)
    LCD_Fill                                 0x08002bd1   Thumb Code   128  lcd_gui.o(i.LCD_Fill)
    LCD_GPIOInit                             0x08002c5d   Thumb Code    64  lcd.o(i.LCD_GPIOInit)
    LCD_Init                                 0x08002ca5   Thumb Code   576  lcd.o(i.LCD_Init)
    LCD_RESET                                0x08002ee9   Thumb Code    26  lcd.o(i.LCD_RESET)
    LCD_SetCursor                            0x08002f09   Thumb Code    52  lcd.o(i.LCD_SetCursor)
    LCD_SetParam                             0x08002f41   Thumb Code    36  lcd.o(i.LCD_SetParam)
    LCD_SetWindows                           0x08002f69   Thumb Code    88  lcd.o(i.LCD_SetWindows)
    LCD_ShowChar                             0x08002fc5   Thumb Code   246  lcd_gui.o(i.LCD_ShowChar)
    LCD_ShowNum                              0x080030cd   Thumb Code   124  lcd_gui.o(i.LCD_ShowNum)
    LCD_ShowString                           0x08003151   Thumb Code    82  lcd_gui.o(i.LCD_ShowString)
    LCD_WR_DATA                              0x080031b1   Thumb Code    30  lcd.o(i.LCD_WR_DATA)
    LCD_WR_REG                               0x080031d9   Thumb Code    28  lcd.o(i.LCD_WR_REG)
    LCD_WriteRAM_Prepare                     0x080031fd   Thumb Code     8  lcd.o(i.LCD_WriteRAM_Prepare)
    LCD_WriteReg                             0x08003209   Thumb Code    18  lcd.o(i.LCD_WriteReg)
    MX_ADC1_Init                             0x0800321d   Thumb Code    90  adc.o(i.MX_ADC1_Init)
    MX_DMA_Init                              0x08003281   Thumb Code    22  dma.o(i.MX_DMA_Init)
    MX_GPIO_Init                             0x0800329d   Thumb Code   198  gpio.o(i.MX_GPIO_Init)
    MX_TIM2_Init                             0x0800341d   Thumb Code    96  tim.o(i.MX_TIM2_Init)
    MX_TIM3_Init                             0x08003481   Thumb Code    94  tim.o(i.MX_TIM3_Init)
    MX_USART1_UART_Init                      0x080034e9   Thumb Code    48  usart.o(i.MX_USART1_UART_Init)
    MemManage_Handler                        0x08003521   Thumb Code     2  stm32f1xx_it.o(i.MemManage_Handler)
    NMI_Handler                              0x08003523   Thumb Code     2  stm32f1xx_it.o(i.NMI_Handler)
    PendSV_Handler                           0x08003545   Thumb Code     2  stm32f1xx_it.o(i.PendSV_Handler)
    SVC_Handler                              0x08003547   Thumb Code     2  stm32f1xx_it.o(i.SVC_Handler)
    SysTick_Handler                          0x08003549   Thumb Code     4  stm32f1xx_it.o(i.SysTick_Handler)
    SystemClock_Config                       0x0800354d   Thumb Code   120  main.o(i.SystemClock_Config)
    SystemInit                               0x080035c5   Thumb Code     2  system_stm32f1xx.o(i.SystemInit)
    TIM2_IRQHandler                          0x080035c9   Thumb Code     6  stm32f1xx_it.o(i.TIM2_IRQHandler)
    TIM3_IRQHandler                          0x080035d5   Thumb Code     6  stm32f1xx_it.o(i.TIM3_IRQHandler)
    TIM_Base_SetConfig                       0x080035e1   Thumb Code    84  stm32f1xx_hal_tim.o(i.TIM_Base_SetConfig)
    TIM_ETR_SetConfig                        0x0800363d   Thumb Code    20  stm32f1xx_hal_tim.o(i.TIM_ETR_SetConfig)
    USART1_IRQHandler                        0x080038b9   Thumb Code     6  stm32f1xx_it.o(i.USART1_IRQHandler)
    UsageFault_Handler                       0x080038c5   Thumb Code     2  stm32f1xx_it.o(i.UsageFault_Handler)
    __0printf$1                              0x080038c9   Thumb Code    22  printf1.o(i.__0printf$1)
    __1printf$1                              0x080038c9   Thumb Code     0  printf1.o(i.__0printf$1)
    __2printf                                0x080038c9   Thumb Code     0  printf1.o(i.__0printf$1)
    __scatterload_copy                       0x080038e9   Thumb Code    14  handlers.o(i.__scatterload_copy)
    __scatterload_null                       0x080038f7   Thumb Code     2  handlers.o(i.__scatterload_null)
    __scatterload_zeroinit                   0x080038f9   Thumb Code    14  handlers.o(i.__scatterload_zeroinit)
    __set_errno                              0x08003909   Thumb Code     6  errno.o(i.__set_errno)
    adc_load_fft_data                        0x08003a69   Thumb Code    74  func.o(i.adc_load_fft_data)
    clean_lcd_screen                         0x08003ac1   Thumb Code    48  app_task.o(i.clean_lcd_screen)
    fft_display_spectrum                     0x08003af9   Thumb Code    92  app_task.o(i.fft_display_spectrum)
    fputc                                    0x08003b61   Thumb Code    24  bsp_usart.o(i.fputc)
    get_key_status                           0x08003b7d   Thumb Code     6  bsp_key.o(i.get_key_status)
    get_measurements_display                 0x08003b89   Thumb Code   584  app_task.o(i.get_measurements_display)
    key_init                                 0x08003e55   Thumb Code    18  bsp_key.o(i.key_init)
    key_toggle_status                        0x08003e6d   Thumb Code    22  bsp_key.o(i.key_toggle_status)
    main                                     0x08003e89   Thumb Code   212  main.o(i.main)
    mypow                                    0x08003f99   Thumb Code    16  lcd_gui.o(i.mypow)
    show_status                              0x08003fa9   Thumb Code    80  app_task.o(i.show_status)
    sqrt                                     0x0800400d   Thumb Code    76  sqrt.o(i.sqrt)
    tim2_init                                0x08004059   Thumb Code     6  bsp_tim.o(i.tim2_init)
    tim3_init                                0x08004065   Thumb Code     6  bsp_tim.o(i.tim3_init)
    time_wave_display                        0x08004071   Thumb Code   210  app_task.o(i.time_wave_display)
    AHBPrescTable                            0x08004154   Data          16  system_stm32f1xx.o(.constdata)
    APBPrescTable                            0x08004164   Data           8  system_stm32f1xx.o(.constdata)
    asc2_1206                                0x0800416c   Data        1140  lcd_gui.o(.constdata)
    asc2_1608                                0x080045e0   Data        1520  lcd_gui.o(.constdata)
    tfont16                                  0x08004bd0   Data        1564  lcd_gui.o(.constdata)
    tfont24                                  0x080051ec   Data         518  lcd_gui.o(.constdata)
    tfont32                                  0x080053f2   Data         520  lcd_gui.o(.constdata)
    Region$$Table$$Base                      0x080055fc   Number         0  anon$$obj.o(Region$$Table)
    Region$$Table$$Limit                     0x0800561c   Number         0  anon$$obj.o(Region$$Table)
    uwTickFreq                               0x20000000   Data           1  stm32f1xx_hal.o(.data)
    uwTickPrio                               0x20000004   Data           4  stm32f1xx_hal.o(.data)
    uwTick                                   0x20000008   Data           4  stm32f1xx_hal.o(.data)
    SystemCoreClock                          0x2000000c   Data           4  system_stm32f1xx.o(.data)
    Debug_adc_val                            0x20000010   Data           4  bsp_adc.o(.data)
    adc_voltage                              0x20000014   Data           4  bsp_adc.o(.data)
    adc_dma_buf                              0x20000018   Data           8  bsp_adc.o(.data)
    adc_sample_pos                           0x20000028   Data           2  app_task.o(.data)
    time_flag                                0x2000002c   Data           4  app_task.o(.data)
    TaskList                                 0x20000030   Data           8  app_task.o(.data)
    POINT_COLOR                              0x20000038   Data           2  lcd.o(.data)
    BACK_COLOR                               0x2000003a   Data           2  lcd.o(.data)
    __stdout                                 0x2000003c   Data           4  stdout.o(.data)
    hadc1                                    0x20000044   Data          48  adc.o(.bss)
    hdma_adc1                                0x20000074   Data          68  adc.o(.bss)
    htim2                                    0x200000b8   Data          72  tim.o(.bss)
    htim3                                    0x20000100   Data          72  tim.o(.bss)
    huart1                                   0x20000148   Data          68  usart.o(.bss)
    ADC_CH0_BUF                              0x2000018c   Data        1024  bsp_adc.o(.bss)
    ADC_CH1_BUF                              0x2000058c   Data        1024  bsp_adc.o(.bss)
    lBufInArray                              0x2000098c   Data        1024  func.o(.bss)
    lBufOutArray                             0x20000d8c   Data         512  func.o(.bss)
    lBufMagArray                             0x20000f8c   Data         512  func.o(.bss)
    Time_Wave_Buf                            0x2000118c   Data         512  app_task.o(.bss)
    Spectrum_Buf                             0x2000138c   Data         256  app_task.o(.bss)
    lcddev                                   0x2000148c   Data          14  lcd.o(.bss)
    __initial_sp                             0x200018a0   Data           0  startup_stm32f103x6.o(STACK)



==============================================================================

Memory Map of the image

  Image Entry point : 0x080000ed

  Load Region LR_IROM1 (Base: 0x08000000, Size: 0x00005660, Max: 0x00008000, ABSOLUTE)

    Execution Region ER_IROM1 (Base: 0x08000000, Size: 0x0000561c, Max: 0x00008000, ABSOLUTE)

    Base Addr    Size         Type   Attr      Idx    E Section Name        Object

    0x08000000   0x000000ec   Data   RO            3    RESET               startup_stm32f103x6.o
    0x080000ec   0x00000000   Code   RO         3922  * .ARM.Collect$$$$00000000  mc_w.l(entry.o)
    0x080000ec   0x00000004   Code   RO         4216    .ARM.Collect$$$$00000001  mc_w.l(entry2.o)
    0x080000f0   0x00000004   Code   RO         4219    .ARM.Collect$$$$00000004  mc_w.l(entry5.o)
    0x080000f4   0x00000000   Code   RO         4221    .ARM.Collect$$$$00000008  mc_w.l(entry7b.o)
    0x080000f4   0x00000000   Code   RO         4223    .ARM.Collect$$$$0000000A  mc_w.l(entry8b.o)
    0x080000f4   0x00000008   Code   RO         4224    .ARM.Collect$$$$0000000B  mc_w.l(entry9a.o)
    0x080000fc   0x00000000   Code   RO         4226    .ARM.Collect$$$$0000000D  mc_w.l(entry10a.o)
    0x080000fc   0x00000000   Code   RO         4228    .ARM.Collect$$$$0000000F  mc_w.l(entry11a.o)
    0x080000fc   0x00000004   Code   RO         4217    .ARM.Collect$$$$00002712  mc_w.l(entry2.o)
    0x08000100   0x00000024   Code   RO            4    .text               startup_stm32f103x6.o
    0x08000124   0x000005de   Code   RO         3908    .text               cr4_fft_256_stm32.o
    0x08000702   0x00000020   Code   RO         3925    .text               mc_w.l(llushr.o)
    0x08000722   0x00000024   Code   RO         3927    .text               mc_w.l(memcpya.o)
    0x08000746   0x00000024   Code   RO         3929    .text               mc_w.l(memseta.o)
    0x0800076a   0x000000b0   Code   RO         4196    .text               mf_w.l(fadd.o)
    0x0800081a   0x00000064   Code   RO         4198    .text               mf_w.l(fmul.o)
    0x0800087e   0x00000018   Code   RO         4200    .text               mf_w.l(fscalb.o)
    0x08000896   0x0000002e   Code   RO         4204    .text               mf_w.l(dscalb.o)
    0x080008c4   0x00000012   Code   RO         4206    .text               mf_w.l(fflti.o)
    0x080008d6   0x00000028   Code   RO         4210    .text               mf_w.l(ffixui.o)
    0x080008fe   0x00000026   Code   RO         4212    .text               mf_w.l(f2d.o)
    0x08000924   0x00000038   Code   RO         4214    .text               mf_w.l(d2f.o)
    0x0800095c   0x0000002c   Code   RO         4231    .text               mc_w.l(uidiv.o)
    0x08000988   0x00000000   Code   RO         4242    .text               mc_w.l(iusefp.o)
    0x08000988   0x0000006e   Code   RO         4243    .text               mf_w.l(fepilogue.o)
    0x080009f6   0x000000ba   Code   RO         4245    .text               mf_w.l(depilogue.o)
    0x08000ab0   0x000000a2   Code   RO         4251    .text               mf_w.l(dsqrt.o)
    0x08000b52   0x00000002   PAD
    0x08000b54   0x00000024   Code   RO         4259    .text               mc_w.l(init.o)
    0x08000b78   0x0000001e   Code   RO         4261    .text               mc_w.l(llshl.o)
    0x08000b96   0x00000002   PAD
    0x08000b98   0x0000000c   Code   RO          390    i.ADC1_2_IRQHandler  stm32f1xx_it.o
    0x08000ba4   0x00000056   Code   RO          586    i.ADC_ConversionStop_Disable  stm32f1xx_hal_adc.o
    0x08000bfa   0x0000004e   Code   RO          587    i.ADC_DMAConvCplt   stm32f1xx_hal_adc.o
    0x08000c48   0x0000001a   Code   RO          588    i.ADC_DMAError      stm32f1xx_hal_adc.o
    0x08000c62   0x0000000a   Code   RO          589    i.ADC_DMAHalfConvCplt  stm32f1xx_hal_adc.o
    0x08000c6c   0x0000007c   Code   RO          590    i.ADC_Enable        stm32f1xx_hal_adc.o
    0x08000ce8   0x00000002   Code   RO          391    i.BusFault_Handler  stm32f1xx_it.o
    0x08000cea   0x00000002   PAD
    0x08000cec   0x0000000c   Code   RO          392    i.DMA1_Channel1_IRQHandler  stm32f1xx_it.o
    0x08000cf8   0x0000002a   Code   RO         1240    i.DMA_SetConfig     stm32f1xx_hal_dma.o
    0x08000d22   0x00000002   PAD
    0x08000d24   0x00000038   Code   RO         3196    i.DMA_get_adc_val   bsp_adc.o
    0x08000d5c   0x00000002   Code   RO          393    i.DebugMon_Handler  stm32f1xx_it.o
    0x08000d5e   0x00000002   PAD
    0x08000d60   0x00000160   Code   RO         3563    i.Draw_FFT_Cordinate  app_task.o
    0x08000ec0   0x00000040   Code   RO         3564    i.Draw_FFT_Spectrum  app_task.o
    0x08000f00   0x00000006   Code   RO          394    i.EXTI0_IRQHandler  stm32f1xx_it.o
    0x08000f06   0x00000006   Code   RO          395    i.EXTI1_IRQHandler  stm32f1xx_it.o
    0x08000f0c   0x00000006   Code   RO          396    i.EXTI2_IRQHandler  stm32f1xx_it.o
    0x08000f12   0x00000006   Code   RO          397    i.EXTI3_IRQHandler  stm32f1xx_it.o
    0x08000f18   0x00000006   Code   RO          398    i.EXTI4_IRQHandler  stm32f1xx_it.o
    0x08000f1e   0x00000004   Code   RO           13    i.Error_Handler     main.o
    0x08000f22   0x0000009c   Code   RO         3773    i.GUI_DrawLine      lcd_gui.o
    0x08000fbe   0x00000012   Code   RO         3774    i.GUI_DrawPoint     lcd_gui.o
    0x08000fd0   0x0000009c   Code   RO         3417    i.GetPowerMag       func.o
    0x0800106c   0x00000002   Code   RO          768    i.HAL_ADCEx_InjectedConvCpltCallback  stm32f1xx_hal_adc_ex.o
    0x0800106e   0x00000002   PAD
    0x08001070   0x000000fc   Code   RO          592    i.HAL_ADC_ConfigChannel  stm32f1xx_hal_adc.o
    0x0800116c   0x00000040   Code   RO         3565    i.HAL_ADC_ConvCpltCallback  app_task.o
    0x080011ac   0x00000002   Code   RO          594    i.HAL_ADC_ConvHalfCpltCallback  stm32f1xx_hal_adc.o
    0x080011ae   0x00000002   Code   RO          596    i.HAL_ADC_ErrorCallback  stm32f1xx_hal_adc.o
    0x080011b0   0x000000e6   Code   RO          600    i.HAL_ADC_IRQHandler  stm32f1xx_hal_adc.o
    0x08001296   0x00000002   PAD
    0x08001298   0x0000011c   Code   RO          601    i.HAL_ADC_Init      stm32f1xx_hal_adc.o
    0x080013b4   0x00000002   Code   RO          602    i.HAL_ADC_LevelOutOfWindowCallback  stm32f1xx_hal_adc.o
    0x080013b6   0x00000002   PAD
    0x080013b8   0x00000090   Code   RO          235    i.HAL_ADC_MspInit   adc.o
    0x08001448   0x0000010c   Code   RO          608    i.HAL_ADC_Start_DMA  stm32f1xx_hal_adc.o
    0x08001554   0x00000056   Code   RO          611    i.HAL_ADC_Stop_DMA  stm32f1xx_hal_adc.o
    0x080015aa   0x00000046   Code   RO         1241    i.HAL_DMA_Abort     stm32f1xx_hal_dma.o
    0x080015f0   0x00000098   Code   RO         1242    i.HAL_DMA_Abort_IT  stm32f1xx_hal_dma.o
    0x08001688   0x00000154   Code   RO         1246    i.HAL_DMA_IRQHandler  stm32f1xx_hal_dma.o
    0x080017dc   0x0000005c   Code   RO         1247    i.HAL_DMA_Init      stm32f1xx_hal_dma.o
    0x08001838   0x00000070   Code   RO         1251    i.HAL_DMA_Start_IT  stm32f1xx_hal_dma.o
    0x080018a8   0x00000024   Code   RO          869    i.HAL_Delay         stm32f1xx_hal.o
    0x080018cc   0x000000b0   Code   RO         3254    i.HAL_GPIO_EXTI_Callback  bsp_key.o
    0x0800197c   0x00000018   Code   RO         1176    i.HAL_GPIO_EXTI_IRQHandler  stm32f1xx_hal_gpio.o
    0x08001994   0x000001c0   Code   RO         1177    i.HAL_GPIO_Init     stm32f1xx_hal_gpio.o
    0x08001b54   0x0000000a   Code   RO         1179    i.HAL_GPIO_ReadPin  stm32f1xx_hal_gpio.o
    0x08001b5e   0x00000010   Code   RO         1180    i.HAL_GPIO_TogglePin  stm32f1xx_hal_gpio.o
    0x08001b6e   0x0000000a   Code   RO         1181    i.HAL_GPIO_WritePin  stm32f1xx_hal_gpio.o
    0x08001b78   0x0000000c   Code   RO          873    i.HAL_GetTick       stm32f1xx_hal.o
    0x08001b84   0x00000010   Code   RO          879    i.HAL_IncTick       stm32f1xx_hal.o
    0x08001b94   0x00000024   Code   RO          880    i.HAL_Init          stm32f1xx_hal.o
    0x08001bb8   0x00000040   Code   RO          881    i.HAL_InitTick      stm32f1xx_hal.o
    0x08001bf8   0x0000003c   Code   RO          526    i.HAL_MspInit       stm32f1xx_hal_msp.o
    0x08001c34   0x00000016   Code   RO         1337    i.HAL_NVIC_EnableIRQ  stm32f1xx_hal_cortex.o
    0x08001c4a   0x00000002   PAD
    0x08001c4c   0x00000040   Code   RO         1343    i.HAL_NVIC_SetPriority  stm32f1xx_hal_cortex.o
    0x08001c8c   0x00000024   Code   RO         1344    i.HAL_NVIC_SetPriorityGrouping  stm32f1xx_hal_cortex.o
    0x08001cb0   0x000000ec   Code   RO         1140    i.HAL_RCCEx_PeriphCLKConfig  stm32f1xx_hal_rcc_ex.o
    0x08001d9c   0x0000012c   Code   RO         1037    i.HAL_RCC_ClockConfig  stm32f1xx_hal_rcc.o
    0x08001ec8   0x00000020   Code   RO         1044    i.HAL_RCC_GetPCLK1Freq  stm32f1xx_hal_rcc.o
    0x08001ee8   0x00000020   Code   RO         1045    i.HAL_RCC_GetPCLK2Freq  stm32f1xx_hal_rcc.o
    0x08001f08   0x0000006c   Code   RO         1046    i.HAL_RCC_GetSysClockFreq  stm32f1xx_hal_rcc.o
    0x08001f74   0x00000320   Code   RO         1049    i.HAL_RCC_OscConfig  stm32f1xx_hal_rcc.o
    0x08002294   0x00000028   Code   RO         1348    i.HAL_SYSTICK_Config  stm32f1xx_hal_cortex.o
    0x080022bc   0x00000002   Code   RO         2533    i.HAL_TIMEx_BreakCallback  stm32f1xx_hal_tim_ex.o
    0x080022be   0x00000002   Code   RO         2534    i.HAL_TIMEx_CommutCallback  stm32f1xx_hal_tim_ex.o
    0x080022c0   0x00000060   Code   RO         2552    i.HAL_TIMEx_MasterConfigSynchronization  stm32f1xx_hal_tim_ex.o
    0x08002320   0x0000005a   Code   RO         1829    i.HAL_TIM_Base_Init  stm32f1xx_hal_tim.o
    0x0800237a   0x00000002   PAD
    0x0800237c   0x0000003c   Code   RO          301    i.HAL_TIM_Base_MspInit  tim.o
    0x080023b8   0x00000050   Code   RO         1834    i.HAL_TIM_Base_Start_IT  stm32f1xx_hal_tim.o
    0x08002408   0x000000d6   Code   RO         1838    i.HAL_TIM_ConfigClockSource  stm32f1xx_hal_tim.o
    0x080024de   0x00000002   Code   RO         1863    i.HAL_TIM_IC_CaptureCallback  stm32f1xx_hal_tim.o
    0x080024e0   0x00000166   Code   RO         1877    i.HAL_TIM_IRQHandler  stm32f1xx_hal_tim.o
    0x08002646   0x00000002   Code   RO         1880    i.HAL_TIM_OC_DelayElapsedCallback  stm32f1xx_hal_tim.o
    0x08002648   0x00000002   Code   RO         1907    i.HAL_TIM_PWM_PulseFinishedCallback  stm32f1xx_hal_tim.o
    0x0800264a   0x00000002   PAD
    0x0800264c   0x00000090   Code   RO         3566    i.HAL_TIM_PeriodElapsedCallback  app_task.o
    0x080026dc   0x00000002   Code   RO         1920    i.HAL_TIM_TriggerCallback  stm32f1xx_hal_tim.o
    0x080026de   0x00000002   Code   RO         2811    i.HAL_UARTEx_RxEventCallback  stm32f1xx_hal_uart.o
    0x080026e0   0x00000002   Code   RO         2825    i.HAL_UART_ErrorCallback  stm32f1xx_hal_uart.o
    0x080026e2   0x00000002   PAD
    0x080026e4   0x0000020c   Code   RO         2828    i.HAL_UART_IRQHandler  stm32f1xx_hal_uart.o
    0x080028f0   0x00000062   Code   RO         2829    i.HAL_UART_Init     stm32f1xx_hal_uart.o
    0x08002952   0x00000002   PAD
    0x08002954   0x00000070   Code   RO          349    i.HAL_UART_MspInit  usart.o
    0x080029c4   0x00000002   Code   RO         2835    i.HAL_UART_RxCpltCallback  stm32f1xx_hal_uart.o
    0x080029c6   0x00000002   PAD
    0x080029c8   0x000000b2   Code   RO         2837    i.HAL_UART_Transmit  stm32f1xx_hal_uart.o
    0x08002a7a   0x00000002   Code   RO         2840    i.HAL_UART_TxCpltCallback  stm32f1xx_hal_uart.o
    0x08002a7c   0x00000002   Code   RO          399    i.HardFault_Handler  stm32f1xx_it.o
    0x08002a7e   0x0000009a   Code   RO         3778    i.LCD_DrawLine      lcd_gui.o
    0x08002b18   0x00000044   Code   RO         3666    i.LCD_DrawPoint     lcd.o
    0x08002b5c   0x00000038   Code   RO         3667    i.LCD_DrawPoint_16Bit  lcd.o
    0x08002b94   0x0000003a   Code   RO         3779    i.LCD_DrawRectangle  lcd_gui.o
    0x08002bce   0x00000002   PAD
    0x08002bd0   0x0000008c   Code   RO         3780    i.LCD_Fill          lcd_gui.o
    0x08002c5c   0x00000048   Code   RO         3668    i.LCD_GPIOInit      lcd.o
    0x08002ca4   0x00000244   Code   RO         3669    i.LCD_Init          lcd.o
    0x08002ee8   0x00000020   Code   RO         3670    i.LCD_RESET         lcd.o
    0x08002f08   0x00000038   Code   RO         3671    i.LCD_SetCursor     lcd.o
    0x08002f40   0x00000028   Code   RO         3672    i.LCD_SetParam      lcd.o
    0x08002f68   0x0000005c   Code   RO         3673    i.LCD_SetWindows    lcd.o
    0x08002fc4   0x00000108   Code   RO         3781    i.LCD_ShowChar      lcd_gui.o
    0x080030cc   0x00000084   Code   RO         3782    i.LCD_ShowNum       lcd_gui.o
    0x08003150   0x00000060   Code   RO         3783    i.LCD_ShowString    lcd_gui.o
    0x080031b0   0x00000028   Code   RO         3674    i.LCD_WR_DATA       lcd.o
    0x080031d8   0x00000024   Code   RO         3675    i.LCD_WR_REG        lcd.o
    0x080031fc   0x0000000c   Code   RO         3676    i.LCD_WriteRAM_Prepare  lcd.o
    0x08003208   0x00000012   Code   RO         3677    i.LCD_WriteReg      lcd.o
    0x0800321a   0x00000002   PAD
    0x0800321c   0x00000064   Code   RO          236    i.MX_ADC1_Init      adc.o
    0x08003280   0x0000001c   Code   RO          276    i.MX_DMA_Init       dma.o
    0x0800329c   0x000000d8   Code   RO          210    i.MX_GPIO_Init      gpio.o
    0x08003374   0x000000a6   Code   RO           14    i.MX_NVIC_Init      main.o
    0x0800341a   0x00000002   PAD
    0x0800341c   0x00000064   Code   RO          302    i.MX_TIM2_Init      tim.o
    0x08003480   0x00000068   Code   RO          303    i.MX_TIM3_Init      tim.o
    0x080034e8   0x00000038   Code   RO          350    i.MX_USART1_UART_Init  usart.o
    0x08003520   0x00000002   Code   RO          400    i.MemManage_Handler  stm32f1xx_it.o
    0x08003522   0x00000002   Code   RO          401    i.NMI_Handler       stm32f1xx_it.o
    0x08003524   0x00000020   Code   RO         1350    i.NVIC_SetPriority  stm32f1xx_hal_cortex.o
    0x08003544   0x00000002   Code   RO          402    i.PendSV_Handler    stm32f1xx_it.o
    0x08003546   0x00000002   Code   RO          403    i.SVC_Handler       stm32f1xx_it.o
    0x08003548   0x00000004   Code   RO          404    i.SysTick_Handler   stm32f1xx_it.o
    0x0800354c   0x00000078   Code   RO           15    i.SystemClock_Config  main.o
    0x080035c4   0x00000002   Code   RO         3158    i.SystemInit        system_stm32f1xx.o
    0x080035c6   0x00000002   PAD
    0x080035c8   0x0000000c   Code   RO          405    i.TIM2_IRQHandler   stm32f1xx_it.o
    0x080035d4   0x0000000c   Code   RO          406    i.TIM3_IRQHandler   stm32f1xx_it.o
    0x080035e0   0x0000005c   Code   RO         1922    i.TIM_Base_SetConfig  stm32f1xx_hal_tim.o
    0x0800363c   0x00000014   Code   RO         1933    i.TIM_ETR_SetConfig  stm32f1xx_hal_tim.o
    0x08003650   0x00000010   Code   RO         1934    i.TIM_ITRx_SetConfig  stm32f1xx_hal_tim.o
    0x08003660   0x00000022   Code   RO         1940    i.TIM_TI1_ConfigInputStage  stm32f1xx_hal_tim.o
    0x08003682   0x00000024   Code   RO         1942    i.TIM_TI2_ConfigInputStage  stm32f1xx_hal_tim.o
    0x080036a6   0x00000010   Code   RO         2842    i.UART_DMAAbortOnError  stm32f1xx_hal_uart.o
    0x080036b6   0x00000030   Code   RO         2852    i.UART_EndRxTransfer  stm32f1xx_hal_uart.o
    0x080036e6   0x000000b6   Code   RO         2854    i.UART_Receive_IT   stm32f1xx_hal_uart.o
    0x0800379c   0x000000b8   Code   RO         2855    i.UART_SetConfig    stm32f1xx_hal_uart.o
    0x08003854   0x00000064   Code   RO         2858    i.UART_WaitOnFlagUntilTimeout  stm32f1xx_hal_uart.o
    0x080038b8   0x0000000c   Code   RO          407    i.USART1_IRQHandler  stm32f1xx_it.o
    0x080038c4   0x00000002   Code   RO          408    i.UsageFault_Handler  stm32f1xx_it.o
    0x080038c6   0x00000002   PAD
    0x080038c8   0x00000020   Code   RO         3980    i.__0printf$1       mc_w.l(printf1.o)
    0x080038e8   0x0000000e   Code   RO         4267    i.__scatterload_copy  mc_w.l(handlers.o)
    0x080038f6   0x00000002   Code   RO         4268    i.__scatterload_null  mc_w.l(handlers.o)
    0x080038f8   0x0000000e   Code   RO         4269    i.__scatterload_zeroinit  mc_w.l(handlers.o)
    0x08003906   0x00000002   PAD
    0x08003908   0x0000000c   Code   RO         4237    i.__set_errno       mc_w.l(errno.o)
    0x08003914   0x00000154   Code   RO         3987    i._printf_core      mc_w.l(printf1.o)
    0x08003a68   0x00000058   Code   RO         3418    i.adc_load_fft_data  func.o
    0x08003ac0   0x00000038   Code   RO         3568    i.clean_lcd_screen  app_task.o
    0x08003af8   0x00000068   Code   RO         3570    i.fft_display_spectrum  app_task.o
    0x08003b60   0x0000001c   Code   RO         3390    i.fputc             bsp_usart.o
    0x08003b7c   0x0000000c   Code   RO         3255    i.get_key_status    bsp_key.o
    0x08003b88   0x000002cc   Code   RO         3571    i.get_measurements_display  app_task.o
    0x08003e54   0x00000018   Code   RO         3256    i.key_init          bsp_key.o
    0x08003e6c   0x0000001c   Code   RO         3257    i.key_toggle_status  bsp_key.o
    0x08003e88   0x00000110   Code   RO           16    i.main              main.o
    0x08003f98   0x00000010   Code   RO         3787    i.mypow             lcd_gui.o
    0x08003fa8   0x00000064   Code   RO         3572    i.show_status       app_task.o
    0x0800400c   0x0000004c   Code   RO         3915    i.sqrt              m_ws.l(sqrt.o)
    0x08004058   0x0000000c   Code   RO         3354    i.tim2_init         bsp_tim.o
    0x08004064   0x0000000c   Code   RO         3355    i.tim3_init         bsp_tim.o
    0x08004070   0x000000e4   Code   RO         3574    i.time_wave_display  app_task.o
    0x08004154   0x00000010   Data   RO         3159    .constdata          system_stm32f1xx.o
    0x08004164   0x00000008   Data   RO         3160    .constdata          system_stm32f1xx.o
    0x0800416c   0x0000148e   Data   RO         3788    .constdata          lcd_gui.o
    0x080055fa   0x00000002   PAD
    0x080055fc   0x00000020   Data   RO         4265    Region$$Table       anon$$obj.o


    Execution Region RW_IRAM1 (Base: 0x20000000, Size: 0x000018a0, Max: 0x00002800, ABSOLUTE)

    Base Addr    Size         Type   Attr      Idx    E Section Name        Object

    0x20000000   0x0000000c   Data   RW          887    .data               stm32f1xx_hal.o
    0x2000000c   0x00000004   Data   RW         3161    .data               system_stm32f1xx.o
    0x20000010   0x00000010   Data   RW         3206    .data               bsp_adc.o
    0x20000020   0x00000005   Data   RW         3258    .data               bsp_key.o
    0x20000025   0x00000003   PAD
    0x20000028   0x00000010   Data   RW         3576    .data               app_task.o
    0x20000038   0x00000002   Data   RW         3679    .data               lcd.o
    0x2000003a   0x00000002   Data   RW         3680    .data               lcd.o
    0x2000003c   0x00000004   Data   RW         4230    .data               mc_w.l(stdout.o)
    0x20000040   0x00000004   Data   RW         4238    .data               mc_w.l(errno.o)
    0x20000044   0x00000074   Zero   RW          237    .bss                adc.o
    0x200000b8   0x00000090   Zero   RW          304    .bss                tim.o
    0x20000148   0x00000044   Zero   RW          351    .bss                usart.o
    0x2000018c   0x00000400   Zero   RW         3201    .bss                bsp_adc.o
    0x2000058c   0x00000400   Zero   RW         3202    .bss                bsp_adc.o
    0x2000098c   0x00000800   Zero   RW         3421    .bss                func.o
    0x2000118c   0x00000300   Zero   RW         3575    .bss                app_task.o
    0x2000148c   0x0000000e   Zero   RW         3678    .bss                lcd.o
    0x2000149a   0x00000006   PAD
    0x200014a0   0x00000400   Zero   RW            1    STACK               startup_stm32f103x6.o


==============================================================================

Image component sizes


      Code (inc. data)   RO Data    RW Data    ZI Data      Debug   Object Name

       244         32          0          0        116       1735   adc.o
      1828        238          0         16        768       7866   app_task.o
        56          8          0         16       2048       1506   bsp_adc.o
       240         28          0          5          0       2449   bsp_key.o
        24         12          0          0          0        772   bsp_tim.o
        28          4          0          0          0        524   bsp_usart.o
      1502       1008          0          0          0        308   cr4_fft_256_stm32.o
        28          6          0          0          0        718   dma.o
       244         18          0          0       2048       2042   func.o
       216         18          0          0          0        967   gpio.o
      1102         76          0          4         14      10818   lcd.o
      1034         52       5262          0          0       8983   lcd_gui.o
       562         60          0          0          0     442512   main.o
        36          8        236          0       1024        792   startup_stm32f103x6.o
       164         28          0         12          0       5485   stm32f1xx_hal.o
      1450         56          0          0          0       9926   stm32f1xx_hal_adc.o
         2          0          0          0          0       1037   stm32f1xx_hal_adc_ex.o
       194         14          0          0          0      25891   stm32f1xx_hal_cortex.o
       808         36          0          0          0       4918   stm32f1xx_hal_dma.o
       508         36          0          0          0       4647   stm32f1xx_hal_gpio.o
        60          8          0          0          0        850   stm32f1xx_hal_msp.o
      1272        100          0          0          0       5132   stm32f1xx_hal_rcc.o
       236         12          0          0          0       1364   stm32f1xx_hal_rcc_ex.o
       948         18          0          0          0       9493   stm32f1xx_hal_tim.o
       100         10          0          0          0       2329   stm32f1xx_hal_tim_ex.o
      1338         10          0          0          0       9544   stm32f1xx_hal_uart.o
       110         30          0          0          0       8028   stm32f1xx_it.o
         2          0         24          4          0       1083   system_stm32f1xx.o
       264         22          0          0        144       2263   tim.o
       168         20          0          0         68       1642   usart.o

    ----------------------------------------------------------------------
     14802       1968       5556         60       6236     575624   Object Totals
         0          0         32          0          0          0   (incl. Generated)
        34          0          2          3          6          0   (incl. Padding)

    ----------------------------------------------------------------------

      Code (inc. data)   RO Data    RW Data    ZI Data      Debug   Library Member Name

        76          0          0          0          0         84   sqrt.o
         0          0          0          0          0          0   entry.o
         0          0          0          0          0          0   entry10a.o
         0          0          0          0          0          0   entry11a.o
         8          4          0          0          0          0   entry2.o
         4          0          0          0          0          0   entry5.o
         0          0          0          0          0          0   entry7b.o
         0          0          0          0          0          0   entry8b.o
         8          4          0          0          0          0   entry9a.o
        12          6          0          4          0         68   errno.o
        30          0          0          0          0          0   handlers.o
        36          8          0          0          0         68   init.o
         0          0          0          0          0          0   iusefp.o
        30          0          0          0          0         68   llshl.o
        32          0          0          0          0         68   llushr.o
        36          0          0          0          0         68   memcpya.o
        36          0          0          0          0        108   memseta.o
       372         14          0          0          0        184   printf1.o
         0          0          0          4          0          0   stdout.o
        44          0          0          0          0         80   uidiv.o
        56          0          0          0          0         88   d2f.o
       186          0          0          0          0        176   depilogue.o
        46          0          0          0          0         80   dscalb.o
       162          0          0          0          0        100   dsqrt.o
        38          0          0          0          0         68   f2d.o
       176          0          0          0          0        140   fadd.o
       110          0          0          0          0        168   fepilogue.o
        40          0          0          0          0         68   ffixui.o
        18          0          0          0          0         68   fflti.o
       100          0          0          0          0         76   fmul.o
        24          0          0          0          0         68   fscalb.o

    ----------------------------------------------------------------------
      1686         36          0          8          0       1896   Library Totals
         6          0          0          0          0          0   (incl. Padding)

    ----------------------------------------------------------------------

      Code (inc. data)   RO Data    RW Data    ZI Data      Debug   Library Name

        76          0          0          0          0         84   m_ws.l
       648         36          0          8          0        712   mc_w.l
       956          0          0          0          0       1100   mf_w.l

    ----------------------------------------------------------------------
      1686         36          0          8          0       1896   Library Totals

    ----------------------------------------------------------------------

==============================================================================


      Code (inc. data)   RO Data    RW Data    ZI Data      Debug   

     16488       2004       5556         68       6236     569404   Grand Totals
     16488       2004       5556         68       6236     569404   ELF Image Totals
     16488       2004       5556         68          0          0   ROM Totals

==============================================================================

    Total RO  Size (Code + RO Data)                22044 (  21.53kB)
    Total RW  Size (RW Data + ZI Data)              6304 (   6.16kB)
    Total ROM Size (Code + RO Data + RW Data)      22112 (  21.59kB)

==============================================================================

